09.05.22 19:21.10_536 main[I] Properties are ready. at ru.apertum.qsystem.common.QConfig.prepareCLI(QConfig.java:333)
09.05.22 19:21.10_544 main[I] Languages are loading... at ru.apertum.qsystem.client.Locales.<init>(Locales.java:158)
09.05.22 19:21.10_630 main[I] "QSystem 21.1"!  date: 02.06.2021 at ru.apertum.qsystem.About.load(About.java:80)
09.05.22 19:21.10_631 main[I] Mode: FULL at ru.apertum.qsystem.About.load(About.java:84)
09.05.22 19:21.10_631 main[I] Plugins: YES at ru.apertum.qsystem.About.load(About.java:85)
09.05.22 19:21.10_884 main[I] DB server 'MySQL-local driver=org.h2.Driver' url=jdbc:mysql://127.0.0.1/qsystem?serverTimezone=UTC&useSSL=false at ru.apertum.qsystem.hibernate.ChangeServerAction.load(ChangeServerAction.java:198)
09.05.22 19:21.14_176 main[I] DB is OK. at ru.apertum.qsystem.client.forms.FAdmin.runPager(FAdmin.java:1350)
09.05.22 19:21.14_182 main[I] Loading plugins from folder: ./plugins/ at ru.apertum.qsystem.common.Uses.loadPlugins(Uses.java:667)
09.05.22 19:21.14_184 main[I] Plugin Microsound.jar was loaded successfully. at ru.apertum.qsystem.common.Uses.loadPlugins(Uses.java:673)
09.05.22 19:21.14_531 main[I] Вход в систему. at ru.apertum.qsystem.client.forms.FLogin.logining(FLogin.java:327)
09.05.22 19:21.14_659 main[I] DB server 'MySQL-local driver=org.h2.Driver' url=jdbc:mysql://127.0.0.1/qsystem?serverTimezone=UTC&useSSL=false at ru.apertum.qsystem.hibernate.ChangeServerAction.load(ChangeServerAction.java:198)
09.05.22 19:21.17_043 Thread-6[E] Pager not enabled. java.net.ConnectException: Connection refused: connect at ru.apertum.qsystem.client.forms.FAdmin.lambda$runPager$12(FAdmin.java:1373)
09.05.22 19:21.17_247 main[I] Вход в систему выполнен. Пользователь "Администратор", уровень доступа "3". at ru.apertum.qsystem.client.forms.FLogin.logining(FLogin.java:348)
09.05.22 19:21.17_249 main[E] java.io.FileNotFoundException: temp\lusr (Системе не удается найти указанный путь) at ru.apertum.qsystem.client.forms.FLogin.logining(FLogin.java:356)
09.05.22 19:21.18_157 AWT-EventQueue-0[I] DB server 'MySQL-local driver=org.h2.Driver' url=jdbc:mysql://127.0.0.1/qsystem?serverTimezone=UTC&useSSL=false at ru.apertum.qsystem.hibernate.ChangeServerAction.load(ChangeServerAction.java:198)
09.05.22 19:21.28_304 AWT-EventQueue-0[I] Редактирование услуги "Услуга" at ru.apertum.qsystem.client.forms.FServiceChangeDialod.changeService(FServiceChangeDialod.java:99)
09.05.22 19:35.30_988 main[I] Properties are ready. at ru.apertum.qsystem.common.QConfig.prepareCLI(QConfig.java:333)
09.05.22 19:35.31_001 main[I] Languages are loading... at ru.apertum.qsystem.client.Locales.<init>(Locales.java:158)
09.05.22 19:35.31_113 main[I] "QSystem 21.1"!  date: 02.06.2021 at ru.apertum.qsystem.About.load(About.java:80)
09.05.22 19:35.31_113 main[I] Mode: FULL at ru.apertum.qsystem.About.load(About.java:84)
09.05.22 19:35.31_114 main[I] Plugins: YES at ru.apertum.qsystem.About.load(About.java:85)
09.05.22 19:35.31_426 main[I] DB server 'MySQL-local driver=org.h2.Driver' url=jdbc:mysql://127.0.0.1/qsystem?serverTimezone=UTC&useSSL=false at ru.apertum.qsystem.hibernate.ChangeServerAction.load(ChangeServerAction.java:198)
09.05.22 19:35.34_761 main[I] DB is OK. at ru.apertum.qsystem.client.forms.FAdmin.runPager(FAdmin.java:1350)
09.05.22 19:35.34_767 main[I] Loading plugins from folder: ./plugins/ at ru.apertum.qsystem.common.Uses.loadPlugins(Uses.java:667)
09.05.22 19:35.34_769 main[I] Plugin Microsound.jar was loaded successfully. at ru.apertum.qsystem.common.Uses.loadPlugins(Uses.java:673)
09.05.22 19:35.35_128 main[I] Вход в систему. at ru.apertum.qsystem.client.forms.FLogin.logining(FLogin.java:327)
09.05.22 19:35.35_294 main[I] DB server 'MySQL-local driver=org.h2.Driver' url=jdbc:mysql://127.0.0.1/qsystem?serverTimezone=UTC&useSSL=false at ru.apertum.qsystem.hibernate.ChangeServerAction.load(ChangeServerAction.java:198)
09.05.22 19:35.37_045 main[I] Вход в систему выполнен. Пользователь "Администратор", уровень доступа "3". at ru.apertum.qsystem.client.forms.FLogin.logining(FLogin.java:348)
09.05.22 19:35.37_047 main[E] java.io.FileNotFoundException: temp\lusr (Системе не удается найти указанный путь) at ru.apertum.qsystem.client.forms.FLogin.logining(FLogin.java:356)
09.05.22 19:35.37_547 Thread-6[E] Pager not enabled. java.net.ConnectException: Connection refused: connect at ru.apertum.qsystem.client.forms.FAdmin.lambda$runPager$12(FAdmin.java:1373)
09.05.22 19:35.38_250 AWT-EventQueue-0[I] DB server 'MySQL-local driver=org.h2.Driver' url=jdbc:mysql://127.0.0.1/qsystem?serverTimezone=UTC&useSSL=false at ru.apertum.qsystem.hibernate.ChangeServerAction.load(ChangeServerAction.java:198)
09.05.22 19:36.10_410 AWT-EventQueue-0[I] Открыть редактор главного табло. at ru.apertum.qsystem.client.forms.FAdmin.editMainBoard(FAdmin.java:6527)
09.05.22 19:36.10_419 AWT-EventQueue-0[I] Creating main board for TV or monitor. at ru.apertum.qsystem.server.controller.QIndicatorBoardMonitor.<init>(QIndicatorBoardMonitor.java:114)
09.05.22 19:36.10_458 AWT-EventQueue-0[I] Получение конфигурации главного табло - ЖК или плазмы. at ru.apertum.qsystem.common.NetCommander.getBoardConfig(NetCommander.java:822)
09.05.22 19:37.56_419 AWT-EventQueue-0[I] Сохранение конфигурации главного табло - ЖК или плазмы. at ru.apertum.qsystem.common.NetCommander.saveBoardConfig(NetCommander.java:835)
09.05.22 19:38.00_427 AWT-EventQueue-0[I] Сохранение конфигурации главного табло - ЖК или плазмы. at ru.apertum.qsystem.common.NetCommander.saveBoardConfig(NetCommander.java:835)
09.05.22 19:38.11_860 AWT-EventQueue-0[I] Команда на рестарт сервера. at ru.apertum.qsystem.common.NetCommander.restartServer(NetCommander.java:945)
09.05.22 19:38.24_403 AWT-EventQueue-0[I] Запрос о состоянии на сервер. at ru.apertum.qsystem.client.forms.FAdmin.checkServer(FAdmin.java:1058)
09.05.22 19:38.24_403 AWT-EventQueue-0[I] Получение описания состояния сервера. at ru.apertum.qsystem.common.NetCommander.getServerState(NetCommander.java:752)
09.05.22 19:38.24_419 AWT-EventQueue-0[I] Команда на обновление пула отложенных. at ru.apertum.qsystem.common.NetCommander.getPostponedPoolInfo(NetCommander.java:1081)
09.05.22 19:38.26_053 AWT-EventQueue-0[I] Открыть редактор главного табло. at ru.apertum.qsystem.client.forms.FAdmin.editMainBoard(FAdmin.java:6527)
09.05.22 19:38.51_471 AWT-EventQueue-0[I] Сохранение конфигурации главного табло - ЖК или плазмы. at ru.apertum.qsystem.common.NetCommander.saveBoardConfig(NetCommander.java:835)
09.05.22 19:39.22_021 AWT-EventQueue-0[I] Сохранение конфигурации главного табло - ЖК или плазмы. at ru.apertum.qsystem.common.NetCommander.saveBoardConfig(NetCommander.java:835)
09.05.22 19:39.31_981 AWT-EventQueue-0[I] Команда на рестарт сервера. at ru.apertum.qsystem.common.NetCommander.restartServer(NetCommander.java:945)
09.05.22 19:39.46_185 AWT-EventQueue-0[I] Запрос о состоянии на сервер. at ru.apertum.qsystem.client.forms.FAdmin.checkServer(FAdmin.java:1058)
09.05.22 19:39.46_186 AWT-EventQueue-0[I] Получение описания состояния сервера. at ru.apertum.qsystem.common.NetCommander.getServerState(NetCommander.java:752)
09.05.22 19:39.46_193 AWT-EventQueue-0[I] Команда на обновление пула отложенных. at ru.apertum.qsystem.common.NetCommander.getPostponedPoolInfo(NetCommander.java:1081)
09.05.22 19:55.45_525 AWT-EventQueue-0[I] Editing of user "Окно 3" at ru.apertum.qsystem.client.forms.FUserChangeDialog.changeUser(FUserChangeDialog.java:68)
09.05.22 19:55.52_562 AWT-EventQueue-0[I] Editing of user "Окно 4" at ru.apertum.qsystem.client.forms.FUserChangeDialog.changeUser(FUserChangeDialog.java:68)
09.05.22 19:56.07_020 AWT-EventQueue-0[I] Редактирование услуги "Выдача Карт (Окно 1,2,3,4) " at ru.apertum.qsystem.client.forms.FServiceChangeDialod.changeService(FServiceChangeDialod.java:99)
09.05.22 19:56.12_739 AWT-EventQueue-0[I] Редактирование услуги "Касса Окно (5,6)" at ru.apertum.qsystem.client.forms.FServiceChangeDialod.changeService(FServiceChangeDialod.java:99)
09.05.22 19:56.17_854 AWT-EventQueue-0[I] Редактирование услуги "Для держателей «Visa Infinite»" at ru.apertum.qsystem.client.forms.FServiceChangeDialod.changeService(FServiceChangeDialod.java:99)
09.05.22 19:56.43_739 AWT-EventQueue-0[I] Editing of user "Окно 1" at ru.apertum.qsystem.client.forms.FUserChangeDialog.changeUser(FUserChangeDialog.java:68)
09.05.22 19:56.49_418 AWT-EventQueue-0[I] Editing of user "Окно 2" at ru.apertum.qsystem.client.forms.FUserChangeDialog.changeUser(FUserChangeDialog.java:68)
09.05.22 19:56.56_523 AWT-EventQueue-0[I] Editing of user "Окно 1" at ru.apertum.qsystem.client.forms.FUserChangeDialog.changeUser(FUserChangeDialog.java:68)
09.05.22 19:57.02_619 AWT-EventQueue-0[I] Editing of user "Окно 3" at ru.apertum.qsystem.client.forms.FUserChangeDialog.changeUser(FUserChangeDialog.java:68)
09.05.22 19:57.08_616 AWT-EventQueue-0[I] Editing of user "Окно 4" at ru.apertum.qsystem.client.forms.FUserChangeDialog.changeUser(FUserChangeDialog.java:68)
09.05.22 19:57.14_291 AWT-EventQueue-0[I] Editing of user "Окно 4" at ru.apertum.qsystem.client.forms.FUserChangeDialog.changeUser(FUserChangeDialog.java:68)
09.05.22 19:57.17_075 AWT-EventQueue-0[I] Editing of user "Касса 5" at ru.apertum.qsystem.client.forms.FUserChangeDialog.changeUser(FUserChangeDialog.java:68)
09.05.22 19:57.23_281 AWT-EventQueue-0[I] Editing of user "Касса 6" at ru.apertum.qsystem.client.forms.FUserChangeDialog.changeUser(FUserChangeDialog.java:68)
09.05.22 19:57.48_619 AWT-EventQueue-0[I] Редактирование услуги "Выдача Карт (Окно 1,2,3,4) " at ru.apertum.qsystem.client.forms.FServiceChangeDialod.changeService(FServiceChangeDialod.java:99)
09.05.22 19:57.58_465 AWT-EventQueue-0[I] Редактирование услуги "Касса Окно (5,6)" at ru.apertum.qsystem.client.forms.FServiceChangeDialod.changeService(FServiceChangeDialod.java:99)
09.05.22 19:58.22_381 AWT-EventQueue-0[I] Редактирование услуги "Для держателей «Visa Infinite»" at ru.apertum.qsystem.client.forms.FServiceChangeDialod.changeService(FServiceChangeDialod.java:99)
09.05.22 19:58.28_556 AWT-EventQueue-0[I] Редактирование услуги "Касса (5,6)" at ru.apertum.qsystem.client.forms.FServiceChangeDialod.changeService(FServiceChangeDialod.java:99)
09.05.22 19:58.33_396 AWT-EventQueue-0[I] Редактирование услуги "Выдача Карт (Окно 1,2,3,4) " at ru.apertum.qsystem.client.forms.FServiceChangeDialod.changeService(FServiceChangeDialod.java:99)
09.05.22 19:58.54_567 AWT-EventQueue-0[I] Редактирование услуги "План работы с 8.00 до 17.00" at ru.apertum.qsystem.client.forms.FScheduleChangeDialod.changeSchedule(FScheduleChangeDialod.java:74)
09.05.22 20:42.42_349 AWT-EventQueue-0[I] Команда на рестарт сервера. at ru.apertum.qsystem.common.NetCommander.restartServer(NetCommander.java:945)
09.05.22 20:42.52_546 AWT-EventQueue-0[I] Запрос о состоянии на сервер. at ru.apertum.qsystem.client.forms.FAdmin.checkServer(FAdmin.java:1058)
09.05.22 20:42.52_547 AWT-EventQueue-0[I] Получение описания состояния сервера. at ru.apertum.qsystem.common.NetCommander.getServerState(NetCommander.java:752)
09.05.22 20:42.52_555 AWT-EventQueue-0[I] Команда на обновление пула отложенных. at ru.apertum.qsystem.common.NetCommander.getPostponedPoolInfo(NetCommander.java:1081)
09.05.22 20:42.56_647 AWT-EventQueue-0[I] Команда на рестарт сервера. at ru.apertum.qsystem.common.NetCommander.restartServer(NetCommander.java:945)
09.05.22 20:43.05_492 AWT-EventQueue-0[I] Запрос о состоянии на сервер. at ru.apertum.qsystem.client.forms.FAdmin.checkServer(FAdmin.java:1058)
09.05.22 20:43.05_493 AWT-EventQueue-0[I] Получение описания состояния сервера. at ru.apertum.qsystem.common.NetCommander.getServerState(NetCommander.java:752)
09.05.22 20:43.05_499 AWT-EventQueue-0[I] Команда на обновление пула отложенных. at ru.apertum.qsystem.common.NetCommander.getPostponedPoolInfo(NetCommander.java:1081)
09.05.22 20:43.06_572 AWT-EventQueue-0[I] Запрос о состоянии на пункт регистрации. at ru.apertum.qsystem.client.forms.FAdmin.checkWelcome(FAdmin.java:1107)
09.05.22 20:43.06_573 AWT-EventQueue-0[I] Получение описания состояния пункта регистрации. at ru.apertum.qsystem.common.NetCommander.getWelcomeState(NetCommander.java:768)
09.05.22 20:43.07_753 AWT-EventQueue-0[I] Запрос о состоянии на пункт регистрации. at ru.apertum.qsystem.client.forms.FAdmin.checkWelcome(FAdmin.java:1107)
09.05.22 20:43.07_753 AWT-EventQueue-0[I] Получение описания состояния пункта регистрации. at ru.apertum.qsystem.common.NetCommander.getWelcomeState(NetCommander.java:768)
09.05.22 20:43.31_042 AWT-EventQueue-0[I] Редактирование услуги "Выдача Карт (Окно 1,2,3,4) " at ru.apertum.qsystem.client.forms.FServiceChangeDialod.changeService(FServiceChangeDialod.java:99)
09.05.22 20:43.37_149 AWT-EventQueue-0[I] Редактирование услуги "Дерево услуг" at ru.apertum.qsystem.client.forms.FServiceChangeDialod.changeService(FServiceChangeDialod.java:99)
09.05.22 20:43.41_183 AWT-EventQueue-0[E] Error! Поле "Надпись на кнопке" не должно быть пустым. at ru.apertum.qsystem.common.exceptions.ServerException.<init>(ServerException.java:34)
ru.apertum.qsystem.common.exceptions.ClientException: Поле "Надпись на кнопке" не должно быть пустым.
	at ru.apertum.qsystem.client.forms.FServiceChangeDialod.saveService(FServiceChangeDialod.java:259) [QSystem.jar:?]
	at ru.apertum.qsystem.client.forms.FServiceChangeDialod.buttonSaveActionPerformed(FServiceChangeDialod.java:1469) [QSystem.jar:?]
	at ru.apertum.qsystem.client.forms.FServiceChangeDialod.access$600(FServiceChangeDialod.java:53) [QSystem.jar:?]
	at ru.apertum.qsystem.client.forms.FServiceChangeDialod$7.actionPerformed(FServiceChangeDialod.java:1416) [QSystem.jar:?]
	at javax.swing.AbstractButton.fireActionPerformed(Unknown Source) [?:1.8.0_333]
	at javax.swing.AbstractButton$Handler.actionPerformed(Unknown Source) [?:1.8.0_333]
	at javax.swing.DefaultButtonModel.fireActionPerformed(Unknown Source) [?:1.8.0_333]
	at javax.swing.DefaultButtonModel.setPressed(Unknown Source) [?:1.8.0_333]
	at javax.swing.plaf.basic.BasicButtonListener.mouseReleased(Unknown Source) [?:1.8.0_333]
	at java.awt.Component.processMouseEvent(Unknown Source) [?:1.8.0_333]
	at javax.swing.JComponent.processMouseEvent(Unknown Source) [?:1.8.0_333]
	at java.awt.Component.processEvent(Unknown Source) [?:1.8.0_333]
	at java.awt.Container.processEvent(Unknown Source) [?:1.8.0_333]
	at java.awt.Component.dispatchEventImpl(Unknown Source) [?:1.8.0_333]
	at java.awt.Container.dispatchEventImpl(Unknown Source) [?:1.8.0_333]
	at java.awt.Component.dispatchEvent(Unknown Source) [?:1.8.0_333]
	at java.awt.LightweightDispatcher.retargetMouseEvent(Unknown Source) [?:1.8.0_333]
	at java.awt.LightweightDispatcher.processMouseEvent(Unknown Source) [?:1.8.0_333]
	at java.awt.LightweightDispatcher.dispatchEvent(Unknown Source) [?:1.8.0_333]
	at java.awt.Container.dispatchEventImpl(Unknown Source) [?:1.8.0_333]
	at java.awt.Window.dispatchEventImpl(Unknown Source) [?:1.8.0_333]
	at java.awt.Component.dispatchEvent(Unknown Source) [?:1.8.0_333]
	at java.awt.EventQueue.dispatchEventImpl(Unknown Source) [?:1.8.0_333]
	at java.awt.EventQueue.access$500(Unknown Source) [?:1.8.0_333]
	at java.awt.EventQueue$3.run(Unknown Source) [?:1.8.0_333]
	at java.awt.EventQueue$3.run(Unknown Source) [?:1.8.0_333]
	at java.security.AccessController.doPrivileged(Native Method) [?:1.8.0_333]
	at java.security.ProtectionDomain$JavaSecurityAccessImpl.doIntersectionPrivilege(Unknown Source) [?:1.8.0_333]
	at java.security.ProtectionDomain$JavaSecurityAccessImpl.doIntersectionPrivilege(Unknown Source) [?:1.8.0_333]
	at java.awt.EventQueue$4.run(Unknown Source) [?:1.8.0_333]
	at java.awt.EventQueue$4.run(Unknown Source) [?:1.8.0_333]
	at java.security.AccessController.doPrivileged(Native Method) [?:1.8.0_333]
	at java.security.ProtectionDomain$JavaSecurityAccessImpl.doIntersectionPrivilege(Unknown Source) [?:1.8.0_333]
	at java.awt.EventQueue.dispatchEvent(Unknown Source) [?:1.8.0_333]
	at java.awt.EventDispatchThread.pumpOneEventForFilters(Unknown Source) [?:1.8.0_333]
	at java.awt.EventDispatchThread.pumpEventsForFilter(Unknown Source) [?:1.8.0_333]
	at java.awt.EventDispatchThread.pumpEventsForFilter(Unknown Source) [?:1.8.0_333]
	at java.awt.WaitDispatchSupport$2.run(Unknown Source) [?:1.8.0_333]
	at java.awt.WaitDispatchSupport$4.run(Unknown Source) [?:1.8.0_333]
	at java.awt.WaitDispatchSupport$4.run(Unknown Source) [?:1.8.0_333]
	at java.security.AccessController.doPrivileged(Native Method) [?:1.8.0_333]
	at java.awt.WaitDispatchSupport.enter(Unknown Source) [?:1.8.0_333]
	at java.awt.Dialog.show(Unknown Source) [?:1.8.0_333]
	at java.awt.Component.show(Unknown Source) [?:1.8.0_333]
	at java.awt.Component.setVisible(Unknown Source) [?:1.8.0_333]
	at java.awt.Window.setVisible(Unknown Source) [?:1.8.0_333]
	at java.awt.Dialog.setVisible(Unknown Source) [?:1.8.0_333]
	at ru.apertum.qsystem.client.forms.FServiceChangeDialod.changeService(FServiceChangeDialod.java:122) [QSystem.jar:?]
	at ru.apertum.qsystem.client.forms.FAdmin.editService(FAdmin.java:6465) [QSystem.jar:?]
	at ru.apertum.qsystem.client.forms.FAdmin.treeServicesMouseClicked(FAdmin.java:5511) [QSystem.jar:?]
	at ru.apertum.qsystem.client.forms.FAdmin.access$5100(FAdmin.java:195) [QSystem.jar:?]
	at ru.apertum.qsystem.client.forms.FAdmin$38.mouseClicked(FAdmin.java:3035) [QSystem.jar:?]
	at java.awt.AWTEventMulticaster.mouseClicked(Unknown Source) [?:1.8.0_333]
	at java.awt.AWTEventMulticaster.mouseClicked(Unknown Source) [?:1.8.0_333]
	at java.awt.Component.processMouseEvent(Unknown Source) [?:1.8.0_333]
	at javax.swing.JComponent.processMouseEvent(Unknown Source) [?:1.8.0_333]
	at java.awt.Component.processEvent(Unknown Source) [?:1.8.0_333]
	at java.awt.Container.processEvent(Unknown Source) [?:1.8.0_333]
	at java.awt.Component.dispatchEventImpl(Unknown Source) [?:1.8.0_333]
	at java.awt.Container.dispatchEventImpl(Unknown Source) [?:1.8.0_333]
	at java.awt.Component.dispatchEvent(Unknown Source) [?:1.8.0_333]
	at java.awt.LightweightDispatcher.retargetMouseEvent(Unknown Source) [?:1.8.0_333]
	at java.awt.LightweightDispatcher.processMouseEvent(Unknown Source) [?:1.8.0_333]
	at java.awt.LightweightDispatcher.dispatchEvent(Unknown Source) [?:1.8.0_333]
	at java.awt.Container.dispatchEventImpl(Unknown Source) [?:1.8.0_333]
	at java.awt.Window.dispatchEventImpl(Unknown Source) [?:1.8.0_333]
	at java.awt.Component.dispatchEvent(Unknown Source) [?:1.8.0_333]
	at java.awt.EventQueue.dispatchEventImpl(Unknown Source) [?:1.8.0_333]
	at java.awt.EventQueue.access$500(Unknown Source) [?:1.8.0_333]
	at java.awt.EventQueue$3.run(Unknown Source) [?:1.8.0_333]
	at java.awt.EventQueue$3.run(Unknown Source) [?:1.8.0_333]
	at java.security.AccessController.doPrivileged(Native Method) [?:1.8.0_333]
	at java.security.ProtectionDomain$JavaSecurityAccessImpl.doIntersectionPrivilege(Unknown Source) [?:1.8.0_333]
	at java.security.ProtectionDomain$JavaSecurityAccessImpl.doIntersectionPrivilege(Unknown Source) [?:1.8.0_333]
	at java.awt.EventQueue$4.run(Unknown Source) [?:1.8.0_333]
	at java.awt.EventQueue$4.run(Unknown Source) [?:1.8.0_333]
	at java.security.AccessController.doPrivileged(Native Method) [?:1.8.0_333]
	at java.security.ProtectionDomain$JavaSecurityAccessImpl.doIntersectionPrivilege(Unknown Source) [?:1.8.0_333]
	at java.awt.EventQueue.dispatchEvent(Unknown Source) [?:1.8.0_333]
	at java.awt.EventDispatchThread.pumpOneEventForFilters(Unknown Source) [?:1.8.0_333]
	at java.awt.EventDispatchThread.pumpEventsForFilter(Unknown Source) [?:1.8.0_333]
	at java.awt.EventDispatchThread.pumpEventsForHierarchy(Unknown Source) [?:1.8.0_333]
	at java.awt.EventDispatchThread.pumpEvents(Unknown Source) [?:1.8.0_333]
	at java.awt.EventDispatchThread.pumpEvents(Unknown Source) [?:1.8.0_333]
	at java.awt.EventDispatchThread.run(Unknown Source) [?:1.8.0_333]
09.05.22 20:44.06_913 AWT-EventQueue-0[I] Команда на рестарт сервера. at ru.apertum.qsystem.common.NetCommander.restartServer(NetCommander.java:945)
09.05.22 20:44.16_796 AWT-EventQueue-0[I] Запрос о состоянии на сервер. at ru.apertum.qsystem.client.forms.FAdmin.checkServer(FAdmin.java:1058)
09.05.22 20:44.16_796 AWT-EventQueue-0[I] Получение описания состояния сервера. at ru.apertum.qsystem.common.NetCommander.getServerState(NetCommander.java:752)
09.05.22 20:44.16_801 AWT-EventQueue-0[I] Команда на обновление пула отложенных. at ru.apertum.qsystem.common.NetCommander.getPostponedPoolInfo(NetCommander.java:1081)
09.05.22 20:44.27_742 AWT-EventQueue-0[I] Команда на рестарт сервера. at ru.apertum.qsystem.common.NetCommander.restartServer(NetCommander.java:945)
09.05.22 20:44.36_533 AWT-EventQueue-0[I] Запрос о состоянии на сервер. at ru.apertum.qsystem.client.forms.FAdmin.checkServer(FAdmin.java:1058)
09.05.22 20:44.36_534 AWT-EventQueue-0[I] Получение описания состояния сервера. at ru.apertum.qsystem.common.NetCommander.getServerState(NetCommander.java:752)
09.05.22 20:44.36_539 AWT-EventQueue-0[I] Команда на обновление пула отложенных. at ru.apertum.qsystem.common.NetCommander.getPostponedPoolInfo(NetCommander.java:1081)
10.05.22 10:40.24_509 main[I] Properties are ready. at ru.apertum.qsystem.common.QConfig.prepareCLI(QConfig.java:333)
10.05.22 10:40.24_518 main[I] Languages are loading... at ru.apertum.qsystem.client.Locales.<init>(Locales.java:158)
10.05.22 10:40.24_612 main[I] "QSystem 21.1"!  date: 02.06.2021 at ru.apertum.qsystem.About.load(About.java:80)
10.05.22 10:40.24_613 main[I] Mode: FULL at ru.apertum.qsystem.About.load(About.java:84)
10.05.22 10:40.24_613 main[I] Plugins: YES at ru.apertum.qsystem.About.load(About.java:85)
10.05.22 10:40.24_884 main[I] DB server 'MySQL-local driver=org.h2.Driver' url=jdbc:mysql://127.0.0.1/qsystem?serverTimezone=UTC&useSSL=false at ru.apertum.qsystem.hibernate.ChangeServerAction.load(ChangeServerAction.java:198)
10.05.22 10:40.28_184 main[I] DB is OK. at ru.apertum.qsystem.client.forms.FAdmin.runPager(FAdmin.java:1350)
10.05.22 10:40.28_189 main[I] Loading plugins from folder: ./plugins/ at ru.apertum.qsystem.common.Uses.loadPlugins(Uses.java:667)
10.05.22 10:40.28_191 main[I] Plugin Microsound.jar was loaded successfully. at ru.apertum.qsystem.common.Uses.loadPlugins(Uses.java:673)
10.05.22 10:40.28_578 main[I] Вход в систему. at ru.apertum.qsystem.client.forms.FLogin.logining(FLogin.java:327)
10.05.22 10:40.28_724 main[I] DB server 'MySQL-local driver=org.h2.Driver' url=jdbc:mysql://127.0.0.1/qsystem?serverTimezone=UTC&useSSL=false at ru.apertum.qsystem.hibernate.ChangeServerAction.load(ChangeServerAction.java:198)
10.05.22 10:40.30_924 Thread-6[E] Pager not enabled. java.net.ConnectException: Connection refused: connect at ru.apertum.qsystem.client.forms.FAdmin.lambda$runPager$12(FAdmin.java:1373)
10.05.22 10:40.38_553 main[I] Вход в систему выполнен. Пользователь "Администратор", уровень доступа "3". at ru.apertum.qsystem.client.forms.FLogin.logining(FLogin.java:348)
10.05.22 10:40.39_681 AWT-EventQueue-0[I] DB server 'MySQL-local driver=org.h2.Driver' url=jdbc:mysql://127.0.0.1/qsystem?serverTimezone=UTC&useSSL=false at ru.apertum.qsystem.hibernate.ChangeServerAction.load(ChangeServerAction.java:198)
10.05.22 10:52.21_471 AWT-EventQueue-0[I] Редактирование услуги "Дерево услуг" at ru.apertum.qsystem.client.forms.FServiceChangeDialod.changeService(FServiceChangeDialod.java:99)
10.05.22 10:53.11_977 AWT-EventQueue-0[I] Команда на рестарт сервера. at ru.apertum.qsystem.common.NetCommander.restartServer(NetCommander.java:945)
10.05.22 10:53.22_096 AWT-EventQueue-0[I] Запрос о состоянии на сервер. at ru.apertum.qsystem.client.forms.FAdmin.checkServer(FAdmin.java:1058)
10.05.22 10:53.22_096 AWT-EventQueue-0[I] Получение описания состояния сервера. at ru.apertum.qsystem.common.NetCommander.getServerState(NetCommander.java:752)
10.05.22 10:53.22_209 AWT-EventQueue-0[I] Команда на обновление пула отложенных. at ru.apertum.qsystem.common.NetCommander.getPostponedPoolInfo(NetCommander.java:1081)
10.05.22 10:53.33_395 AWT-EventQueue-0[I] Запрос о состоянии на сервер. at ru.apertum.qsystem.client.forms.FAdmin.checkServer(FAdmin.java:1058)
10.05.22 10:53.33_396 AWT-EventQueue-0[I] Получение описания состояния сервера. at ru.apertum.qsystem.common.NetCommander.getServerState(NetCommander.java:752)
10.05.22 10:53.33_501 AWT-EventQueue-0[I] Команда на обновление пула отложенных. at ru.apertum.qsystem.common.NetCommander.getPostponedPoolInfo(NetCommander.java:1081)
10.05.22 10:53.44_450 AWT-EventQueue-0[I] Команда на рестарт сервера. at ru.apertum.qsystem.common.NetCommander.restartServer(NetCommander.java:945)
10.05.22 10:53.53_060 AWT-EventQueue-0[I] Запрос о состоянии на сервер. at ru.apertum.qsystem.client.forms.FAdmin.checkServer(FAdmin.java:1058)
10.05.22 10:53.53_060 AWT-EventQueue-0[I] Получение описания состояния сервера. at ru.apertum.qsystem.common.NetCommander.getServerState(NetCommander.java:752)
10.05.22 10:53.53_165 AWT-EventQueue-0[I] Команда на обновление пула отложенных. at ru.apertum.qsystem.common.NetCommander.getPostponedPoolInfo(NetCommander.java:1081)
10.05.22 10:53.53_970 AWT-EventQueue-0[I] Запрос о состоянии на пункт регистрации. at ru.apertum.qsystem.client.forms.FAdmin.checkWelcome(FAdmin.java:1107)
10.05.22 10:53.53_971 AWT-EventQueue-0[I] Получение описания состояния пункта регистрации. at ru.apertum.qsystem.common.NetCommander.getWelcomeState(NetCommander.java:768)
10.05.22 10:53.55_279 AWT-EventQueue-0[I] Запрос о состоянии на пункт регистрации. at ru.apertum.qsystem.client.forms.FAdmin.checkWelcome(FAdmin.java:1107)
10.05.22 10:53.55_279 AWT-EventQueue-0[I] Получение описания состояния пункта регистрации. at ru.apertum.qsystem.common.NetCommander.getWelcomeState(NetCommander.java:768)
10.05.22 10:54.47_105 AWT-EventQueue-0[I] Команда на рестарт сервера. at ru.apertum.qsystem.common.NetCommander.restartServer(NetCommander.java:945)
10.05.22 10:54.56_433 AWT-EventQueue-0[I] Запрос о состоянии на сервер. at ru.apertum.qsystem.client.forms.FAdmin.checkServer(FAdmin.java:1058)
10.05.22 10:54.56_434 AWT-EventQueue-0[I] Получение описания состояния сервера. at ru.apertum.qsystem.common.NetCommander.getServerState(NetCommander.java:752)
10.05.22 10:54.56_441 AWT-EventQueue-0[I] Команда на обновление пула отложенных. at ru.apertum.qsystem.common.NetCommander.getPostponedPoolInfo(NetCommander.java:1081)
10.05.22 10:54.58_333 AWT-EventQueue-0[I] Запрос о состоянии на пункт регистрации. at ru.apertum.qsystem.client.forms.FAdmin.checkWelcome(FAdmin.java:1107)
10.05.22 10:54.58_333 AWT-EventQueue-0[I] Получение описания состояния пункта регистрации. at ru.apertum.qsystem.common.NetCommander.getWelcomeState(NetCommander.java:768)
10.05.22 10:54.59_488 AWT-EventQueue-0[I] Запрос о состоянии на пункт регистрации. at ru.apertum.qsystem.client.forms.FAdmin.checkWelcome(FAdmin.java:1107)
10.05.22 10:54.59_488 AWT-EventQueue-0[I] Получение описания состояния пункта регистрации. at ru.apertum.qsystem.common.NetCommander.getWelcomeState(NetCommander.java:768)
10.05.22 10:56.31_616 AWT-EventQueue-0[I] Редактирование услуги "Дерево услуг" at ru.apertum.qsystem.client.forms.FServiceChangeDialod.changeService(FServiceChangeDialod.java:99)
10.05.22 10:56.34_856 AWT-EventQueue-0[I] Редактирование услуги "Выдача Карт (Окно 1,2,3,4) " at ru.apertum.qsystem.client.forms.FServiceChangeDialod.changeService(FServiceChangeDialod.java:99)
10.05.22 10:57.47_457 AWT-EventQueue-0[I] Редактирование услуги "Выдача Карт (Окно 1,2,3,4) " at ru.apertum.qsystem.client.forms.FServiceChangeDialod.changeService(FServiceChangeDialod.java:99)
10.05.22 10:57.54_660 AWT-EventQueue-0[I] Редактирование услуги "Касса (5,6)" at ru.apertum.qsystem.client.forms.FServiceChangeDialod.changeService(FServiceChangeDialod.java:99)
10.05.22 10:58.03_197 AWT-EventQueue-0[I] Редактирование услуги "Выдача Карт (Окно 1,2,3,4) " at ru.apertum.qsystem.client.forms.FServiceChangeDialod.changeService(FServiceChangeDialod.java:99)
10.05.22 10:58.07_824 AWT-EventQueue-0[I] Редактирование услуги "Касса (5,6)" at ru.apertum.qsystem.client.forms.FServiceChangeDialod.changeService(FServiceChangeDialod.java:99)
10.05.22 10:58.19_580 AWT-EventQueue-0[I] Редактирование услуги "Выдача Карт (Окно 1,2,3,4) " at ru.apertum.qsystem.client.forms.FServiceChangeDialod.changeService(FServiceChangeDialod.java:99)
10.05.22 10:58.27_015 AWT-EventQueue-0[I] Редактирование услуги "Касса (5,6)" at ru.apertum.qsystem.client.forms.FServiceChangeDialod.changeService(FServiceChangeDialod.java:99)
10.05.22 10:59.03_743 AWT-EventQueue-0[I] Редактирование услуги "Выдача Карт (Окно 1,2,3,4) " at ru.apertum.qsystem.client.forms.FServiceChangeDialod.changeService(FServiceChangeDialod.java:99)
10.05.22 10:59.14_236 AWT-EventQueue-0[I] Редактирование услуги "Для держателей «Visa Infinite»" at ru.apertum.qsystem.client.forms.FServiceChangeDialod.changeService(FServiceChangeDialod.java:99)
10.05.22 10:59.59_242 AWT-EventQueue-0[I] Команда на рестарт сервера. at ru.apertum.qsystem.common.NetCommander.restartServer(NetCommander.java:945)
10.05.22 11:00.08_397 AWT-EventQueue-0[I] Запрос о состоянии на сервер. at ru.apertum.qsystem.client.forms.FAdmin.checkServer(FAdmin.java:1058)
10.05.22 11:00.08_398 AWT-EventQueue-0[I] Получение описания состояния сервера. at ru.apertum.qsystem.common.NetCommander.getServerState(NetCommander.java:752)
10.05.22 11:00.08_403 AWT-EventQueue-0[I] Команда на обновление пула отложенных. at ru.apertum.qsystem.common.NetCommander.getPostponedPoolInfo(NetCommander.java:1081)
10.05.22 11:00.21_014 AWT-EventQueue-0[I] Команда на рестарт сервера. at ru.apertum.qsystem.common.NetCommander.restartServer(NetCommander.java:945)
10.05.22 11:00.30_420 AWT-EventQueue-0[I] Запрос о состоянии на сервер. at ru.apertum.qsystem.client.forms.FAdmin.checkServer(FAdmin.java:1058)
10.05.22 11:00.30_421 AWT-EventQueue-0[I] Получение описания состояния сервера. at ru.apertum.qsystem.common.NetCommander.getServerState(NetCommander.java:752)
10.05.22 11:00.30_526 AWT-EventQueue-0[I] Команда на обновление пула отложенных. at ru.apertum.qsystem.common.NetCommander.getPostponedPoolInfo(NetCommander.java:1081)
10.05.22 11:05.54_250 AWT-EventQueue-0[I] Редактирование языковых локаций "Выдача Карт (Окно 1,2,3,4) " at ru.apertum.qsystem.client.forms.FServiceLangList.changeServiceLangList(FServiceLangList.java:69)
10.05.22 11:06.00_937 AWT-EventQueue-0[I] Редактирование многоязычности услуги "en_US Выдача Карт (Окно 1,2,3,4) " at ru.apertum.qsystem.client.forms.FServiceChangeDialod.changeServiceLang(FServiceChangeDialod.java:355)
10.05.22 11:09.01_562 AWT-EventQueue-0[I] Редактирование многоязычности услуги "kz_KZ Выдача Карт (Окно 1,2,3,4) " at ru.apertum.qsystem.client.forms.FServiceChangeDialod.changeServiceLang(FServiceChangeDialod.java:355)
10.05.22 11:09.54_641 AWT-EventQueue-0[I] Редактирование многоязычности услуги "en_US Сard issuance (Point 1,2,3,4) " at ru.apertum.qsystem.client.forms.FServiceChangeDialod.changeServiceLang(FServiceChangeDialod.java:355)
10.05.22 11:10.16_397 AWT-EventQueue-0[I] Команда на рестарт сервера. at ru.apertum.qsystem.common.NetCommander.restartServer(NetCommander.java:945)
10.05.22 11:10.25_374 AWT-EventQueue-0[I] Запрос о состоянии на сервер. at ru.apertum.qsystem.client.forms.FAdmin.checkServer(FAdmin.java:1058)
10.05.22 11:10.25_374 AWT-EventQueue-0[I] Получение описания состояния сервера. at ru.apertum.qsystem.common.NetCommander.getServerState(NetCommander.java:752)
10.05.22 11:10.25_379 AWT-EventQueue-0[I] Команда на обновление пула отложенных. at ru.apertum.qsystem.common.NetCommander.getPostponedPoolInfo(NetCommander.java:1081)
10.05.22 11:10.26_535 AWT-EventQueue-0[I] Запрос о состоянии на пункт регистрации. at ru.apertum.qsystem.client.forms.FAdmin.checkWelcome(FAdmin.java:1107)
10.05.22 11:10.26_535 AWT-EventQueue-0[I] Получение описания состояния пункта регистрации. at ru.apertum.qsystem.common.NetCommander.getWelcomeState(NetCommander.java:768)
10.05.22 11:10.27_789 AWT-EventQueue-0[I] Запрос о состоянии на пункт регистрации. at ru.apertum.qsystem.client.forms.FAdmin.checkWelcome(FAdmin.java:1107)
10.05.22 11:10.27_789 AWT-EventQueue-0[I] Получение описания состояния пункта регистрации. at ru.apertum.qsystem.common.NetCommander.getWelcomeState(NetCommander.java:768)
10.05.22 11:11.21_800 AWT-EventQueue-0[I] Редактирование услуги "Касса (5,6)" at ru.apertum.qsystem.client.forms.FServiceChangeDialod.changeService(FServiceChangeDialod.java:99)
10.05.22 11:11.27_377 AWT-EventQueue-0[I] Редактирование языковых локаций "Касса (5,6)" at ru.apertum.qsystem.client.forms.FServiceLangList.changeServiceLangList(FServiceLangList.java:69)
10.05.22 11:11.29_755 AWT-EventQueue-0[I] Редактирование многоязычности услуги "en_US Касса (5,6)" at ru.apertum.qsystem.client.forms.FServiceChangeDialod.changeServiceLang(FServiceChangeDialod.java:355)
10.05.22 11:12.36_438 AWT-EventQueue-0[I] Редактирование многоязычности услуги "kz_KZ Касса (5,6)" at ru.apertum.qsystem.client.forms.FServiceChangeDialod.changeServiceLang(FServiceChangeDialod.java:355)
10.05.22 11:21.44_025 AWT-EventQueue-0[I] Редактирование услуги "Для держателей «Visa Infinite»" at ru.apertum.qsystem.client.forms.FServiceChangeDialod.changeService(FServiceChangeDialod.java:99)
10.05.22 11:22.35_200 AWT-EventQueue-0[I] Редактирование языковых локаций "Для держателей «Visa Infinite»" at ru.apertum.qsystem.client.forms.FServiceLangList.changeServiceLangList(FServiceLangList.java:69)
10.05.22 11:22.37_609 AWT-EventQueue-0[I] Редактирование многоязычности услуги "en_US Для держателей «Visa Infinite»" at ru.apertum.qsystem.client.forms.FServiceChangeDialod.changeServiceLang(FServiceChangeDialod.java:355)
10.05.22 11:23.40_039 AWT-EventQueue-0[I] Редактирование многоязычности услуги "kz_KZ Для держателей «Visa Infinite»" at ru.apertum.qsystem.client.forms.FServiceChangeDialod.changeServiceLang(FServiceChangeDialod.java:355)
10.05.22 11:26.04_522 AWT-EventQueue-0[I] Редактирование многоязычности услуги "kz_KZ Для держателей «Visa Infinite»" at ru.apertum.qsystem.client.forms.FServiceChangeDialod.changeServiceLang(FServiceChangeDialod.java:355)
10.05.22 11:26.38_792 AWT-EventQueue-0[I] Редактирование многоязычности услуги "kz_KZ «Visa Infinite» картасын кармаган кардар" at ru.apertum.qsystem.client.forms.FServiceChangeDialod.changeServiceLang(FServiceChangeDialod.java:355)
10.05.22 11:27.06_530 AWT-EventQueue-0[I] Команда на рестарт сервера. at ru.apertum.qsystem.common.NetCommander.restartServer(NetCommander.java:945)
10.05.22 11:27.28_714 AWT-EventQueue-0[I] Запрос о состоянии на сервер. at ru.apertum.qsystem.client.forms.FAdmin.checkServer(FAdmin.java:1058)
10.05.22 11:27.28_715 AWT-EventQueue-0[I] Получение описания состояния сервера. at ru.apertum.qsystem.common.NetCommander.getServerState(NetCommander.java:752)
10.05.22 11:27.28_723 AWT-EventQueue-0[I] Команда на обновление пула отложенных. at ru.apertum.qsystem.common.NetCommander.getPostponedPoolInfo(NetCommander.java:1081)
10.05.22 11:27.36_320 AWT-EventQueue-0[I] Команда на рестарт сервера. at ru.apertum.qsystem.common.NetCommander.restartServer(NetCommander.java:945)
10.05.22 11:27.47_824 AWT-EventQueue-0[I] Запрос о состоянии на сервер. at ru.apertum.qsystem.client.forms.FAdmin.checkServer(FAdmin.java:1058)
10.05.22 11:27.47_824 AWT-EventQueue-0[I] Получение описания состояния сервера. at ru.apertum.qsystem.common.NetCommander.getServerState(NetCommander.java:752)
10.05.22 11:27.47_830 AWT-EventQueue-0[I] Команда на обновление пула отложенных. at ru.apertum.qsystem.common.NetCommander.getPostponedPoolInfo(NetCommander.java:1081)
10.05.22 11:27.48_574 AWT-EventQueue-0[I] Запрос о состоянии на пункт регистрации. at ru.apertum.qsystem.client.forms.FAdmin.checkWelcome(FAdmin.java:1107)
10.05.22 11:27.48_575 AWT-EventQueue-0[I] Получение описания состояния пункта регистрации. at ru.apertum.qsystem.common.NetCommander.getWelcomeState(NetCommander.java:768)
10.05.22 11:27.49_859 AWT-EventQueue-0[I] Запрос о состоянии на пункт регистрации. at ru.apertum.qsystem.client.forms.FAdmin.checkWelcome(FAdmin.java:1107)
10.05.22 11:27.49_860 AWT-EventQueue-0[I] Получение описания состояния пункта регистрации. at ru.apertum.qsystem.common.NetCommander.getWelcomeState(NetCommander.java:768)
10.05.22 11:34.52_704 AWT-EventQueue-0[I] Открыть редактор главного табло. at ru.apertum.qsystem.client.forms.FAdmin.editMainBoard(FAdmin.java:6527)
10.05.22 11:34.52_714 AWT-EventQueue-0[I] Creating main board for TV or monitor. at ru.apertum.qsystem.server.controller.QIndicatorBoardMonitor.<init>(QIndicatorBoardMonitor.java:114)
10.05.22 11:34.52_750 AWT-EventQueue-0[I] Получение конфигурации главного табло - ЖК или плазмы. at ru.apertum.qsystem.common.NetCommander.getBoardConfig(NetCommander.java:822)
10.05.22 11:35.04_482 AWT-EventQueue-0[I] Сохранение конфигурации главного табло - ЖК или плазмы. at ru.apertum.qsystem.common.NetCommander.saveBoardConfig(NetCommander.java:835)
10.05.22 11:35.09_890 AWT-EventQueue-0[I] Сохранение конфигурации главного табло - ЖК или плазмы. at ru.apertum.qsystem.common.NetCommander.saveBoardConfig(NetCommander.java:835)
10.05.22 11:44.17_453 AWT-EventQueue-0[I] Открыть редактор главного табло. at ru.apertum.qsystem.client.forms.FAdmin.editMainBoard(FAdmin.java:6527)
10.05.22 11:50.12_506 AWT-EventQueue-0[I] Сохранение конфигурации главного табло - ЖК или плазмы. at ru.apertum.qsystem.common.NetCommander.saveBoardConfig(NetCommander.java:835)
10.05.22 11:50.16_201 AWT-EventQueue-0[I] Команда на рестарт главного табло. at ru.apertum.qsystem.common.NetCommander.restartMainTablo(NetCommander.java:1124)
10.05.22 11:59.48_885 AWT-EventQueue-0[I] Команда на рестарт главного табло. at ru.apertum.qsystem.common.NetCommander.restartMainTablo(NetCommander.java:1124)
10.05.22 12:07.37_387 AWT-EventQueue-0[I] Открыть редактор главного табло. at ru.apertum.qsystem.client.forms.FAdmin.editMainBoard(FAdmin.java:6527)
10.05.22 12:08.26_001 AWT-EventQueue-0[I] Открыть редактор главного табло. at ru.apertum.qsystem.client.forms.FAdmin.editMainBoard(FAdmin.java:6527)
10.05.22 12:14.33_538 AWT-EventQueue-0[I] Сохранение конфигурации главного табло - ЖК или плазмы. at ru.apertum.qsystem.common.NetCommander.saveBoardConfig(NetCommander.java:835)
10.05.22 12:16.26_945 AWT-EventQueue-0[I] Сохранение конфигурации главного табло - ЖК или плазмы. at ru.apertum.qsystem.common.NetCommander.saveBoardConfig(NetCommander.java:835)
10.05.22 12:16.31_477 AWT-EventQueue-0[I] Сохранение конфигурации главного табло - ЖК или плазмы. at ru.apertum.qsystem.common.NetCommander.saveBoardConfig(NetCommander.java:835)
10.05.22 12:16.41_233 AWT-EventQueue-0[I] Команда на рестарт сервера. at ru.apertum.qsystem.common.NetCommander.restartServer(NetCommander.java:945)
10.05.22 12:17.05_957 AWT-EventQueue-0[I] Запрос о состоянии на сервер. at ru.apertum.qsystem.client.forms.FAdmin.checkServer(FAdmin.java:1058)
10.05.22 12:17.05_958 AWT-EventQueue-0[I] Получение описания состояния сервера. at ru.apertum.qsystem.common.NetCommander.getServerState(NetCommander.java:752)
10.05.22 12:17.05_964 AWT-EventQueue-0[I] Команда на обновление пула отложенных. at ru.apertum.qsystem.common.NetCommander.getPostponedPoolInfo(NetCommander.java:1081)
10.05.22 12:17.07_566 AWT-EventQueue-0[I] Открыть редактор главного табло. at ru.apertum.qsystem.client.forms.FAdmin.editMainBoard(FAdmin.java:6527)
10.05.22 12:20.41_466 AWT-EventQueue-0[I] Сохранение конфигурации главного табло - ЖК или плазмы. at ru.apertum.qsystem.common.NetCommander.saveBoardConfig(NetCommander.java:835)
10.05.22 12:20.50_220 AWT-EventQueue-0[I] Команда на рестарт главного табло. at ru.apertum.qsystem.common.NetCommander.restartMainTablo(NetCommander.java:1124)
10.05.22 12:21.11_216 AWT-EventQueue-0[I] Открыть редактор главного табло. at ru.apertum.qsystem.client.forms.FAdmin.editMainBoard(FAdmin.java:6527)
10.05.22 12:21.24_058 AWT-EventQueue-0[I] Сохранение конфигурации главного табло - ЖК или плазмы. at ru.apertum.qsystem.common.NetCommander.saveBoardConfig(NetCommander.java:835)
10.05.22 12:21.28_012 AWT-EventQueue-0[I] Сохранение конфигурации главного табло - ЖК или плазмы. at ru.apertum.qsystem.common.NetCommander.saveBoardConfig(NetCommander.java:835)
10.05.22 12:21.35_354 AWT-EventQueue-0[I] Команда на рестарт главного табло. at ru.apertum.qsystem.common.NetCommander.restartMainTablo(NetCommander.java:1124)
10.05.22 12:22.05_523 AWT-EventQueue-0[I] Открыть редактор главного табло. at ru.apertum.qsystem.client.forms.FAdmin.editMainBoard(FAdmin.java:6527)
10.05.22 12:22.15_091 AWT-EventQueue-0[I] Редактирование услуги "Выдача Карт (Окно 1,2,3,4) " at ru.apertum.qsystem.client.forms.FServiceChangeDialod.changeService(FServiceChangeDialod.java:99)
10.05.22 12:22.35_521 AWT-EventQueue-0[I] Открыть редактор главного табло. at ru.apertum.qsystem.client.forms.FAdmin.editMainBoard(FAdmin.java:6527)
10.05.22 12:23.45_952 AWT-EventQueue-0[I] Сохранение конфигурации главного табло - ЖК или плазмы. at ru.apertum.qsystem.common.NetCommander.saveBoardConfig(NetCommander.java:835)
10.05.22 12:23.51_617 AWT-EventQueue-0[I] Команда на рестарт главного табло. at ru.apertum.qsystem.common.NetCommander.restartMainTablo(NetCommander.java:1124)
10.05.22 12:24.05_529 AWT-EventQueue-0[I] Открыть редактор главного табло. at ru.apertum.qsystem.client.forms.FAdmin.editMainBoard(FAdmin.java:6527)
10.05.22 12:24.30_811 AWT-EventQueue-0[I] Сохранение конфигурации главного табло - ЖК или плазмы. at ru.apertum.qsystem.common.NetCommander.saveBoardConfig(NetCommander.java:835)
10.05.22 12:24.35_873 AWT-EventQueue-0[I] Команда на рестарт главного табло. at ru.apertum.qsystem.common.NetCommander.restartMainTablo(NetCommander.java:1124)
10.05.22 12:25.00_497 AWT-EventQueue-0[I] Открыть редактор главного табло. at ru.apertum.qsystem.client.forms.FAdmin.editMainBoard(FAdmin.java:6527)
10.05.22 12:25.56_327 AWT-EventQueue-0[I] Сохранение конфигурации главного табло - ЖК или плазмы. at ru.apertum.qsystem.common.NetCommander.saveBoardConfig(NetCommander.java:835)
10.05.22 12:26.03_280 AWT-EventQueue-0[I] Команда на рестарт главного табло. at ru.apertum.qsystem.common.NetCommander.restartMainTablo(NetCommander.java:1124)
10.05.22 12:27.22_474 AWT-EventQueue-0[I] Открыть редактор главного табло. at ru.apertum.qsystem.client.forms.FAdmin.editMainBoard(FAdmin.java:6527)
10.05.22 12:30.46_593 AWT-EventQueue-0[I] Сохранение конфигурации главного табло - ЖК или плазмы. at ru.apertum.qsystem.common.NetCommander.saveBoardConfig(NetCommander.java:835)
10.05.22 12:30.52_793 AWT-EventQueue-0[I] Команда на рестарт главного табло. at ru.apertum.qsystem.common.NetCommander.restartMainTablo(NetCommander.java:1124)
10.05.22 12:41.04_965 AWT-EventQueue-0[I] Открыть редактор главного табло. at ru.apertum.qsystem.client.forms.FAdmin.editMainBoard(FAdmin.java:6527)
10.05.22 12:41.15_398 AWT-EventQueue-0[I] Сохранение конфигурации главного табло - ЖК или плазмы. at ru.apertum.qsystem.common.NetCommander.saveBoardConfig(NetCommander.java:835)
10.05.22 12:41.25_667 AWT-EventQueue-0[I] Сохранение конфигурации главного табло - ЖК или плазмы. at ru.apertum.qsystem.common.NetCommander.saveBoardConfig(NetCommander.java:835)
10.05.22 12:41.49_732 AWT-EventQueue-0[I] Команда на рестарт главного табло. at ru.apertum.qsystem.common.NetCommander.restartMainTablo(NetCommander.java:1124)
10.05.22 12:46.09_352 AWT-EventQueue-0[I] Открыть редактор главного табло. at ru.apertum.qsystem.client.forms.FAdmin.editMainBoard(FAdmin.java:6527)
10.05.22 12:46.18_459 AWT-EventQueue-0[I] Сохранение конфигурации главного табло - ЖК или плазмы. at ru.apertum.qsystem.common.NetCommander.saveBoardConfig(NetCommander.java:835)
10.05.22 12:46.21_688 AWT-EventQueue-0[I] Команда на рестарт главного табло. at ru.apertum.qsystem.common.NetCommander.restartMainTablo(NetCommander.java:1124)
10.05.22 12:46.35_398 AWT-EventQueue-0[I] Открыть редактор главного табло. at ru.apertum.qsystem.client.forms.FAdmin.editMainBoard(FAdmin.java:6527)
10.05.22 12:50.46_406 AWT-EventQueue-0[I] Сохранение конфигурации главного табло - ЖК или плазмы. at ru.apertum.qsystem.common.NetCommander.saveBoardConfig(NetCommander.java:835)
10.05.22 12:50.53_520 AWT-EventQueue-0[I] Команда на рестарт главного табло. at ru.apertum.qsystem.common.NetCommander.restartMainTablo(NetCommander.java:1124)
10.05.22 12:51.06_187 AWT-EventQueue-0[I] Открыть редактор главного табло. at ru.apertum.qsystem.client.forms.FAdmin.editMainBoard(FAdmin.java:6527)
10.05.22 12:51.15_427 AWT-EventQueue-0[I] Сохранение конфигурации главного табло - ЖК или плазмы. at ru.apertum.qsystem.common.NetCommander.saveBoardConfig(NetCommander.java:835)
10.05.22 12:51.20_315 AWT-EventQueue-0[I] Команда на рестарт главного табло. at ru.apertum.qsystem.common.NetCommander.restartMainTablo(NetCommander.java:1124)
10.05.22 12:51.29_885 AWT-EventQueue-0[I] Открыть редактор главного табло. at ru.apertum.qsystem.client.forms.FAdmin.editMainBoard(FAdmin.java:6527)
10.05.22 12:51.41_240 AWT-EventQueue-0[I] Сохранение конфигурации главного табло - ЖК или плазмы. at ru.apertum.qsystem.common.NetCommander.saveBoardConfig(NetCommander.java:835)
10.05.22 12:51.44_731 AWT-EventQueue-0[I] Команда на рестарт главного табло. at ru.apertum.qsystem.common.NetCommander.restartMainTablo(NetCommander.java:1124)
10.05.22 12:51.55_033 AWT-EventQueue-0[I] Открыть редактор главного табло. at ru.apertum.qsystem.client.forms.FAdmin.editMainBoard(FAdmin.java:6527)
10.05.22 12:52.12_901 AWT-EventQueue-0[I] Сохранение конфигурации главного табло - ЖК или плазмы. at ru.apertum.qsystem.common.NetCommander.saveBoardConfig(NetCommander.java:835)
10.05.22 12:52.18_990 AWT-EventQueue-0[I] Команда на рестарт главного табло. at ru.apertum.qsystem.common.NetCommander.restartMainTablo(NetCommander.java:1124)
10.05.22 13:07.10_807 AWT-EventQueue-0[I] Открыть редактор главного табло. at ru.apertum.qsystem.client.forms.FAdmin.editMainBoard(FAdmin.java:6527)
10.05.22 13:13.59_599 AWT-EventQueue-0[I] Сохранение конфигурации главного табло - ЖК или плазмы. at ru.apertum.qsystem.common.NetCommander.saveBoardConfig(NetCommander.java:835)
10.05.22 13:14.07_886 AWT-EventQueue-0[I] Команда на рестарт сервера. at ru.apertum.qsystem.common.NetCommander.restartServer(NetCommander.java:945)
10.05.22 13:14.36_626 AWT-EventQueue-0[I] Запрос о состоянии на сервер. at ru.apertum.qsystem.client.forms.FAdmin.checkServer(FAdmin.java:1058)
10.05.22 13:14.36_626 AWT-EventQueue-0[I] Получение описания состояния сервера. at ru.apertum.qsystem.common.NetCommander.getServerState(NetCommander.java:752)
10.05.22 13:14.36_635 AWT-EventQueue-0[I] Команда на обновление пула отложенных. at ru.apertum.qsystem.common.NetCommander.getPostponedPoolInfo(NetCommander.java:1081)
10.05.22 13:14.38_710 AWT-EventQueue-0[I] Открыть редактор главного табло. at ru.apertum.qsystem.client.forms.FAdmin.editMainBoard(FAdmin.java:6527)
10.05.22 13:15.55_821 AWT-EventQueue-0[I] Сохранение конфигурации главного табло - ЖК или плазмы. at ru.apertum.qsystem.common.NetCommander.saveBoardConfig(NetCommander.java:835)
10.05.22 15:09.29_263 AWT-EventQueue-0[I] Сохранение конфигурации главного табло - ЖК или плазмы. at ru.apertum.qsystem.common.NetCommander.saveBoardConfig(NetCommander.java:835)
10.05.22 15:09.40_256 AWT-EventQueue-0[I] Команда на рестарт сервера. at ru.apertum.qsystem.common.NetCommander.restartServer(NetCommander.java:945)
10.05.22 15:09.55_807 AWT-EventQueue-0[I] Запрос о состоянии на сервер. at ru.apertum.qsystem.client.forms.FAdmin.checkServer(FAdmin.java:1058)
10.05.22 15:09.55_807 AWT-EventQueue-0[I] Получение описания состояния сервера. at ru.apertum.qsystem.common.NetCommander.getServerState(NetCommander.java:752)
10.05.22 15:09.55_812 AWT-EventQueue-0[I] Команда на обновление пула отложенных. at ru.apertum.qsystem.common.NetCommander.getPostponedPoolInfo(NetCommander.java:1081)
10.05.22 15:09.57_713 AWT-EventQueue-0[I] Открыть редактор главного табло. at ru.apertum.qsystem.client.forms.FAdmin.editMainBoard(FAdmin.java:6527)
10.05.22 15:10.24_618 AWT-EventQueue-0[I] Сохранение конфигурации главного табло - ЖК или плазмы. at ru.apertum.qsystem.common.NetCommander.saveBoardConfig(NetCommander.java:835)
10.05.22 15:10.33_714 AWT-EventQueue-0[I] Команда на рестарт сервера. at ru.apertum.qsystem.common.NetCommander.restartServer(NetCommander.java:945)
10.05.22 15:10.42_794 AWT-EventQueue-0[I] Запрос о состоянии на сервер. at ru.apertum.qsystem.client.forms.FAdmin.checkServer(FAdmin.java:1058)
10.05.22 15:10.42_795 AWT-EventQueue-0[I] Получение описания состояния сервера. at ru.apertum.qsystem.common.NetCommander.getServerState(NetCommander.java:752)
10.05.22 15:10.42_800 AWT-EventQueue-0[I] Команда на обновление пула отложенных. at ru.apertum.qsystem.common.NetCommander.getPostponedPoolInfo(NetCommander.java:1081)
10.05.22 15:11.31_703 AWT-EventQueue-0[I] Открыть редактор главного табло. at ru.apertum.qsystem.client.forms.FAdmin.editMainBoard(FAdmin.java:6527)
10.05.22 15:13.18_381 AWT-EventQueue-0[I] Сохранение конфигурации главного табло - ЖК или плазмы. at ru.apertum.qsystem.common.NetCommander.saveBoardConfig(NetCommander.java:835)
10.05.22 15:13.52_269 AWT-EventQueue-0[I] Встать в очередь. at ru.apertum.qsystem.common.NetCommander.standInService(NetCommander.java:350)
10.05.22 15:13.56_528 AWT-EventQueue-0[I] Встать в очередь. at ru.apertum.qsystem.common.NetCommander.standInService(NetCommander.java:350)
10.05.22 15:14.00_527 AWT-EventQueue-0[I] Встать в очередь. at ru.apertum.qsystem.common.NetCommander.standInService(NetCommander.java:350)
10.05.22 15:14.12_178 AWT-EventQueue-0[I] Открыть редактор главного табло. at ru.apertum.qsystem.client.forms.FAdmin.editMainBoard(FAdmin.java:6527)
10.05.22 15:14.29_369 AWT-EventQueue-0[I] Сохранение конфигурации главного табло - ЖК или плазмы. at ru.apertum.qsystem.common.NetCommander.saveBoardConfig(NetCommander.java:835)
10.05.22 15:14.37_458 AWT-EventQueue-0[I] Команда на рестарт главного табло. at ru.apertum.qsystem.common.NetCommander.restartMainTablo(NetCommander.java:1124)
10.05.22 15:14.49_219 AWT-EventQueue-0[I] Встать в очередь. at ru.apertum.qsystem.common.NetCommander.standInService(NetCommander.java:350)
11.05.22 12:13.52_965 main[I] Properties are ready. at ru.apertum.qsystem.common.QConfig.prepareCLI(QConfig.java:333)
11.05.22 12:13.52_974 main[I] Languages are loading... at ru.apertum.qsystem.client.Locales.<init>(Locales.java:158)
11.05.22 12:13.53_064 main[I] "QSystem 21.1"!  date: 02.06.2021 at ru.apertum.qsystem.About.load(About.java:80)
11.05.22 12:13.53_065 main[I] Mode: FULL at ru.apertum.qsystem.About.load(About.java:84)
11.05.22 12:13.53_065 main[I] Plugins: YES at ru.apertum.qsystem.About.load(About.java:85)
11.05.22 12:13.53_324 main[I] DB server 'MySQL-local driver=org.h2.Driver' url=jdbc:mysql://127.0.0.1/qsystem?serverTimezone=UTC&useSSL=false at ru.apertum.qsystem.hibernate.ChangeServerAction.load(ChangeServerAction.java:198)
11.05.22 12:13.56_595 main[I] DB is OK. at ru.apertum.qsystem.client.forms.FAdmin.runPager(FAdmin.java:1350)
11.05.22 12:13.56_602 main[I] Loading plugins from folder: ./plugins/ at ru.apertum.qsystem.common.Uses.loadPlugins(Uses.java:667)
11.05.22 12:13.56_604 main[I] Plugin Microsound.jar was loaded successfully. at ru.apertum.qsystem.common.Uses.loadPlugins(Uses.java:673)
11.05.22 12:13.56_971 main[I] Вход в систему. at ru.apertum.qsystem.client.forms.FLogin.logining(FLogin.java:327)
11.05.22 12:13.57_110 main[I] DB server 'MySQL-local driver=org.h2.Driver' url=jdbc:mysql://127.0.0.1/qsystem?serverTimezone=UTC&useSSL=false at ru.apertum.qsystem.hibernate.ChangeServerAction.load(ChangeServerAction.java:198)
11.05.22 12:13.58_812 main[I] Вход в систему выполнен. Пользователь "Администратор", уровень доступа "3". at ru.apertum.qsystem.client.forms.FLogin.logining(FLogin.java:348)
11.05.22 12:13.59_895 AWT-EventQueue-0[I] DB server 'MySQL-local driver=org.h2.Driver' url=jdbc:mysql://127.0.0.1/qsystem?serverTimezone=UTC&useSSL=false at ru.apertum.qsystem.hibernate.ChangeServerAction.load(ChangeServerAction.java:198)
11.05.22 12:14.06_347 Thread-6[E] Pager not enabled. java.net.ConnectException: Connection refused: connect at ru.apertum.qsystem.client.forms.FAdmin.lambda$runPager$12(FAdmin.java:1373)
11.05.22 18:36.40_001 main[I] Properties are ready. at ru.apertum.qsystem.common.QConfig.prepareCLI(QConfig.java:333)
11.05.22 18:36.40_013 main[I] Languages are loading... at ru.apertum.qsystem.client.Locales.<init>(Locales.java:158)
11.05.22 18:36.40_116 main[I] "QSystem 21.1"!  date: 02.06.2021 at ru.apertum.qsystem.About.load(About.java:80)
11.05.22 18:36.40_116 main[I] Mode: FULL at ru.apertum.qsystem.About.load(About.java:84)
11.05.22 18:36.40_117 main[I] Plugins: YES at ru.apertum.qsystem.About.load(About.java:85)
11.05.22 18:36.40_395 main[I] DB server 'MySQL-local driver=org.h2.Driver' url=jdbc:mysql://127.0.0.1/qsystem?serverTimezone=UTC&useSSL=false at ru.apertum.qsystem.hibernate.ChangeServerAction.load(ChangeServerAction.java:198)
11.05.22 18:36.44_033 main[I] DB is OK. at ru.apertum.qsystem.client.forms.FAdmin.runPager(FAdmin.java:1350)
11.05.22 18:36.44_040 main[I] Loading plugins from folder: ./plugins/ at ru.apertum.qsystem.common.Uses.loadPlugins(Uses.java:667)
11.05.22 18:36.44_042 main[I] Plugin Microsound.jar was loaded successfully. at ru.apertum.qsystem.common.Uses.loadPlugins(Uses.java:673)
11.05.22 18:36.44_465 main[I] Вход в систему. at ru.apertum.qsystem.client.forms.FLogin.logining(FLogin.java:327)
11.05.22 18:36.44_608 main[I] DB server 'MySQL-local driver=org.h2.Driver' url=jdbc:mysql://127.0.0.1/qsystem?serverTimezone=UTC&useSSL=false at ru.apertum.qsystem.hibernate.ChangeServerAction.load(ChangeServerAction.java:198)
11.05.22 18:36.46_137 main[I] Вход в систему выполнен. Пользователь "Администратор", уровень доступа "3". at ru.apertum.qsystem.client.forms.FLogin.logining(FLogin.java:348)
11.05.22 18:36.47_246 AWT-EventQueue-0[I] DB server 'MySQL-local driver=org.h2.Driver' url=jdbc:mysql://127.0.0.1/qsystem?serverTimezone=UTC&useSSL=false at ru.apertum.qsystem.hibernate.ChangeServerAction.load(ChangeServerAction.java:198)
11.05.22 18:36.54_037 Thread-6[E] Pager not enabled. java.net.ConnectException: Connection refused: connect at ru.apertum.qsystem.client.forms.FAdmin.lambda$runPager$12(FAdmin.java:1373)
11.05.22 18:57.28_812 main[I] Properties are ready. at ru.apertum.qsystem.common.QConfig.prepareCLI(QConfig.java:333)
11.05.22 18:57.28_820 main[I] Languages are loading... at ru.apertum.qsystem.client.Locales.<init>(Locales.java:158)
11.05.22 18:57.28_909 main[I] "QSystem 21.1"!  date: 02.06.2021 at ru.apertum.qsystem.About.load(About.java:80)
11.05.22 18:57.28_910 main[I] Mode: FULL at ru.apertum.qsystem.About.load(About.java:84)
11.05.22 18:57.28_910 main[I] Plugins: YES at ru.apertum.qsystem.About.load(About.java:85)
11.05.22 18:57.29_172 main[I] DB server 'MySQL-local driver=org.h2.Driver' url=jdbc:mysql://127.0.0.1/qsystem?serverTimezone=UTC&useSSL=false at ru.apertum.qsystem.hibernate.ChangeServerAction.load(ChangeServerAction.java:198)
11.05.22 18:57.32_407 main[I] DB is OK. at ru.apertum.qsystem.client.forms.FAdmin.runPager(FAdmin.java:1350)
11.05.22 18:57.32_412 main[I] Loading plugins from folder: ./plugins/ at ru.apertum.qsystem.common.Uses.loadPlugins(Uses.java:667)
11.05.22 18:57.32_414 main[I] Plugin Microsound.jar was loaded successfully. at ru.apertum.qsystem.common.Uses.loadPlugins(Uses.java:673)
11.05.22 18:57.32_821 main[I] Вход в систему. at ru.apertum.qsystem.client.forms.FLogin.logining(FLogin.java:327)
11.05.22 18:57.32_968 main[I] DB server 'MySQL-local driver=org.h2.Driver' url=jdbc:mysql://127.0.0.1/qsystem?serverTimezone=UTC&useSSL=false at ru.apertum.qsystem.hibernate.ChangeServerAction.load(ChangeServerAction.java:198)
11.05.22 18:57.35_084 Thread-6[E] Pager not enabled. java.net.ConnectException: Connection refused: connect at ru.apertum.qsystem.client.forms.FAdmin.lambda$runPager$12(FAdmin.java:1373)
11.05.22 20:48.29_352 main[I] Properties are ready. at ru.apertum.qsystem.common.QConfig.prepareCLI(QConfig.java:333)
11.05.22 20:48.29_360 main[I] Languages are loading... at ru.apertum.qsystem.client.Locales.<init>(Locales.java:158)
11.05.22 20:48.29_451 main[I] "QSystem 21.1"!  date: 02.06.2021 at ru.apertum.qsystem.About.load(About.java:80)
11.05.22 20:48.29_451 main[I] Mode: FULL at ru.apertum.qsystem.About.load(About.java:84)
11.05.22 20:48.29_451 main[I] Plugins: YES at ru.apertum.qsystem.About.load(About.java:85)
11.05.22 20:48.29_709 main[I] DB server 'MySQL-local driver=org.h2.Driver' url=jdbc:mysql://127.0.0.1/qsystem?serverTimezone=UTC&useSSL=false at ru.apertum.qsystem.hibernate.ChangeServerAction.load(ChangeServerAction.java:198)
11.05.22 20:48.33_029 main[I] DB is OK. at ru.apertum.qsystem.client.forms.FAdmin.runPager(FAdmin.java:1350)
11.05.22 20:48.33_035 main[I] Loading plugins from folder: ./plugins/ at ru.apertum.qsystem.common.Uses.loadPlugins(Uses.java:667)
11.05.22 20:48.33_037 main[I] Plugin Microsound.jar was loaded successfully. at ru.apertum.qsystem.common.Uses.loadPlugins(Uses.java:673)
11.05.22 20:48.33_433 main[I] Вход в систему. at ru.apertum.qsystem.client.forms.FLogin.logining(FLogin.java:327)
11.05.22 20:48.33_574 main[I] DB server 'MySQL-local driver=org.h2.Driver' url=jdbc:mysql://127.0.0.1/qsystem?serverTimezone=UTC&useSSL=false at ru.apertum.qsystem.hibernate.ChangeServerAction.load(ChangeServerAction.java:198)
11.05.22 20:48.35_735 Thread-6[E] Pager not enabled. java.net.ConnectException: Connection refused: connect at ru.apertum.qsystem.client.forms.FAdmin.lambda$runPager$12(FAdmin.java:1373)
11.05.22 20:48.39_384 main[I] Вход в систему выполнен. Пользователь "Администратор", уровень доступа "3". at ru.apertum.qsystem.client.forms.FLogin.logining(FLogin.java:348)
11.05.22 20:48.40_501 AWT-EventQueue-0[I] DB server 'MySQL-local driver=org.h2.Driver' url=jdbc:mysql://127.0.0.1/qsystem?serverTimezone=UTC&useSSL=false at ru.apertum.qsystem.hibernate.ChangeServerAction.load(ChangeServerAction.java:198)
11.05.22 20:48.52_125 AWT-EventQueue-0[I] Редактирование услуги "План работы" at ru.apertum.qsystem.client.forms.FScheduleChangeDialod.changeSchedule(FScheduleChangeDialod.java:74)
11.05.22 20:49.16_991 AWT-EventQueue-0[I] Команда на рестарт сервера. at ru.apertum.qsystem.common.NetCommander.restartServer(NetCommander.java:945)
11.05.22 20:49.26_019 AWT-EventQueue-0[I] Запрос о состоянии на сервер. at ru.apertum.qsystem.client.forms.FAdmin.checkServer(FAdmin.java:1058)
11.05.22 20:49.26_020 AWT-EventQueue-0[I] Получение описания состояния сервера. at ru.apertum.qsystem.common.NetCommander.getServerState(NetCommander.java:752)
11.05.22 20:49.26_038 AWT-EventQueue-0[I] Команда на обновление пула отложенных. at ru.apertum.qsystem.common.NetCommander.getPostponedPoolInfo(NetCommander.java:1081)
11.05.22 21:28.33_888 main[I] Properties are ready. at ru.apertum.qsystem.common.QConfig.prepareCLI(QConfig.java:333)
11.05.22 21:28.33_897 main[I] Languages are loading... at ru.apertum.qsystem.client.Locales.<init>(Locales.java:158)
11.05.22 21:28.33_994 main[I] "QSystem 21.1"!  date: 02.06.2021 at ru.apertum.qsystem.About.load(About.java:80)
11.05.22 21:28.33_995 main[I] Mode: FULL at ru.apertum.qsystem.About.load(About.java:84)
11.05.22 21:28.33_995 main[I] Plugins: YES at ru.apertum.qsystem.About.load(About.java:85)
11.05.22 21:28.34_287 main[I] DB server 'MySQL-local driver=org.h2.Driver' url=jdbc:mysql://127.0.0.1/qsystem?serverTimezone=UTC&useSSL=false at ru.apertum.qsystem.hibernate.ChangeServerAction.load(ChangeServerAction.java:198)
11.05.22 21:28.37_712 main[I] DB is OK. at ru.apertum.qsystem.client.forms.FAdmin.runPager(FAdmin.java:1350)
11.05.22 21:28.37_716 main[I] Loading plugins from folder: ./plugins/ at ru.apertum.qsystem.common.Uses.loadPlugins(Uses.java:667)
11.05.22 21:28.37_718 main[I] Plugin Microsound.jar was loaded successfully. at ru.apertum.qsystem.common.Uses.loadPlugins(Uses.java:673)
11.05.22 21:28.38_143 main[I] Вход в систему. at ru.apertum.qsystem.client.forms.FLogin.logining(FLogin.java:327)
11.05.22 21:28.38_289 main[I] DB server 'MySQL-local driver=org.h2.Driver' url=jdbc:mysql://127.0.0.1/qsystem?serverTimezone=UTC&useSSL=false at ru.apertum.qsystem.hibernate.ChangeServerAction.load(ChangeServerAction.java:198)
11.05.22 21:28.40_573 main[I] Вход в систему выполнен. Пользователь "Администратор", уровень доступа "3". at ru.apertum.qsystem.client.forms.FLogin.logining(FLogin.java:348)
11.05.22 21:28.40_663 Thread-6[E] Pager not enabled. java.net.ConnectException: Connection refused: connect at ru.apertum.qsystem.client.forms.FAdmin.lambda$runPager$12(FAdmin.java:1373)
11.05.22 21:28.41_697 AWT-EventQueue-0[I] DB server 'MySQL-local driver=org.h2.Driver' url=jdbc:mysql://127.0.0.1/qsystem?serverTimezone=UTC&useSSL=false at ru.apertum.qsystem.hibernate.ChangeServerAction.load(ChangeServerAction.java:198)
11.05.22 21:28.52_682 AWT-EventQueue-0[I] Открыть редактор главного табло. at ru.apertum.qsystem.client.forms.FAdmin.editMainBoard(FAdmin.java:6527)
11.05.22 21:28.52_690 AWT-EventQueue-0[I] Creating main board for TV or monitor. at ru.apertum.qsystem.server.controller.QIndicatorBoardMonitor.<init>(QIndicatorBoardMonitor.java:114)
11.05.22 21:28.52_733 AWT-EventQueue-0[I] Получение конфигурации главного табло - ЖК или плазмы. at ru.apertum.qsystem.common.NetCommander.getBoardConfig(NetCommander.java:822)
11.05.22 21:29.13_912 AWT-EventQueue-0[I] Редактирование услуги "KICB" at ru.apertum.qsystem.client.forms.FServiceChangeDialod.changeService(FServiceChangeDialod.java:99)
11.05.22 21:29.57_013 AWT-EventQueue-0[I] Редактирование услуги "KICB" at ru.apertum.qsystem.client.forms.FServiceChangeDialod.changeService(FServiceChangeDialod.java:99)
11.05.22 21:54.38_901 main[I] Properties are ready. at ru.apertum.qsystem.common.QConfig.prepareCLI(QConfig.java:333)
11.05.22 21:54.38_909 main[I] Languages are loading... at ru.apertum.qsystem.client.Locales.<init>(Locales.java:158)
11.05.22 21:54.38_995 main[I] "QSystem 21.1"!  date: 02.06.2021 at ru.apertum.qsystem.About.load(About.java:80)
11.05.22 21:54.38_996 main[I] Mode: FULL at ru.apertum.qsystem.About.load(About.java:84)
11.05.22 21:54.38_996 main[I] Plugins: YES at ru.apertum.qsystem.About.load(About.java:85)
11.05.22 21:54.39_257 main[I] DB server 'MySQL-local driver=org.h2.Driver' url=jdbc:mysql://127.0.0.1/qsystem?serverTimezone=UTC&useSSL=false at ru.apertum.qsystem.hibernate.ChangeServerAction.load(ChangeServerAction.java:198)
11.05.22 21:54.42_517 main[I] DB is OK. at ru.apertum.qsystem.client.forms.FAdmin.runPager(FAdmin.java:1350)
11.05.22 21:54.42_524 main[I] Loading plugins from folder: ./plugins/ at ru.apertum.qsystem.common.Uses.loadPlugins(Uses.java:667)
11.05.22 21:54.42_525 main[I] Plugin ClientboardRS485Plugin.jar was loaded successfully. at ru.apertum.qsystem.common.Uses.loadPlugins(Uses.java:673)
11.05.22 21:54.42_526 main[I] Plugin Microsound.jar was loaded successfully. at ru.apertum.qsystem.common.Uses.loadPlugins(Uses.java:673)
11.05.22 21:54.42_529 main[I] Plugin qsound-Angelina1.jar was loaded successfully. at ru.apertum.qsystem.common.Uses.loadPlugins(Uses.java:673)
11.05.22 21:54.42_906 main[I] Вход в систему. at ru.apertum.qsystem.client.forms.FLogin.logining(FLogin.java:327)
11.05.22 21:54.43_057 main[I] DB server 'MySQL-local driver=org.h2.Driver' url=jdbc:mysql://127.0.0.1/qsystem?serverTimezone=UTC&useSSL=false at ru.apertum.qsystem.hibernate.ChangeServerAction.load(ChangeServerAction.java:198)
11.05.22 21:54.44_909 main[I] Вход в систему выполнен. Пользователь "Администратор", уровень доступа "3". at ru.apertum.qsystem.client.forms.FLogin.logining(FLogin.java:348)
11.05.22 21:54.45_174 Thread-6[E] Pager not enabled. java.net.ConnectException: Connection refused: connect at ru.apertum.qsystem.client.forms.FAdmin.lambda$runPager$12(FAdmin.java:1373)
11.05.22 21:54.45_965 AWT-EventQueue-0[I] DB server 'MySQL-local driver=org.h2.Driver' url=jdbc:mysql://127.0.0.1/qsystem?serverTimezone=UTC&useSSL=false at ru.apertum.qsystem.hibernate.ChangeServerAction.load(ChangeServerAction.java:198)
11.05.22 21:54.59_734 AWT-EventQueue-0[I] Редактирование услуги "Выдача Карт (Окно 1,2,3,4) " at ru.apertum.qsystem.client.forms.FServiceChangeDialod.changeService(FServiceChangeDialod.java:99)
11.05.22 21:55.06_179 AWT-EventQueue-0[I] Редактирование услуги "Касса (5,6)" at ru.apertum.qsystem.client.forms.FServiceChangeDialod.changeService(FServiceChangeDialod.java:99)
11.05.22 21:55.09_933 AWT-EventQueue-0[I] Редактирование услуги "Для держателей «Visa Infinite»" at ru.apertum.qsystem.client.forms.FServiceChangeDialod.changeService(FServiceChangeDialod.java:99)
11.05.22 22:09.39_551 main[I] Properties are ready. at ru.apertum.qsystem.common.QConfig.prepareCLI(QConfig.java:333)
11.05.22 22:09.39_562 main[I] Languages are loading... at ru.apertum.qsystem.client.Locales.<init>(Locales.java:158)
11.05.22 22:09.39_702 main[I] "QSystem 21.1"!  date: 02.06.2021 at ru.apertum.qsystem.About.load(About.java:80)
11.05.22 22:09.39_702 main[I] Mode: FULL at ru.apertum.qsystem.About.load(About.java:84)
11.05.22 22:09.39_703 main[I] Plugins: YES at ru.apertum.qsystem.About.load(About.java:85)
11.05.22 22:09.40_134 main[I] DB server 'MySQL-local driver=org.h2.Driver' url=jdbc:mysql://127.0.0.1/qsystem?serverTimezone=UTC&useSSL=false at ru.apertum.qsystem.hibernate.ChangeServerAction.load(ChangeServerAction.java:198)
11.05.22 22:09.45_487 main[I] DB is OK. at ru.apertum.qsystem.client.forms.FAdmin.runPager(FAdmin.java:1350)
11.05.22 22:09.45_494 main[I] Loading plugins from folder: ./plugins/ at ru.apertum.qsystem.common.Uses.loadPlugins(Uses.java:667)
11.05.22 22:09.45_496 main[I] Plugin ClientboardRS485Plugin.jar was loaded successfully. at ru.apertum.qsystem.common.Uses.loadPlugins(Uses.java:673)
11.05.22 22:09.45_497 main[I] Plugin Microsound.jar was loaded successfully. at ru.apertum.qsystem.common.Uses.loadPlugins(Uses.java:673)
11.05.22 22:09.45_501 main[I] Plugin qsound-Angelina1.jar was loaded successfully. at ru.apertum.qsystem.common.Uses.loadPlugins(Uses.java:673)
11.05.22 22:09.45_951 main[I] Вход в систему. at ru.apertum.qsystem.client.forms.FLogin.logining(FLogin.java:327)
11.05.22 22:09.46_178 main[I] DB server 'MySQL-local driver=org.h2.Driver' url=jdbc:mysql://127.0.0.1/qsystem?serverTimezone=UTC&useSSL=false at ru.apertum.qsystem.hibernate.ChangeServerAction.load(ChangeServerAction.java:198)
11.05.22 22:09.47_829 main[I] Вход в систему выполнен. Пользователь "Администратор", уровень доступа "3". at ru.apertum.qsystem.client.forms.FLogin.logining(FLogin.java:348)
11.05.22 22:09.48_581 Thread-6[E] Pager not enabled. java.net.ConnectException: Connection refused: connect at ru.apertum.qsystem.client.forms.FAdmin.lambda$runPager$12(FAdmin.java:1373)
11.05.22 22:09.48_905 AWT-EventQueue-0[I] DB server 'MySQL-local driver=org.h2.Driver' url=jdbc:mysql://127.0.0.1/qsystem?serverTimezone=UTC&useSSL=false at ru.apertum.qsystem.hibernate.ChangeServerAction.load(ChangeServerAction.java:198)
11.05.22 22:09.51_889 AWT-EventQueue-0[I] Открыть редактор главного табло. at ru.apertum.qsystem.client.forms.FAdmin.editMainBoard(FAdmin.java:6527)
11.05.22 22:09.51_896 AWT-EventQueue-0[I] Creating main board for TV or monitor. at ru.apertum.qsystem.server.controller.QIndicatorBoardMonitor.<init>(QIndicatorBoardMonitor.java:114)
11.05.22 22:09.51_939 AWT-EventQueue-0[I] Получение конфигурации главного табло - ЖК или плазмы. at ru.apertum.qsystem.common.NetCommander.getBoardConfig(NetCommander.java:822)
11.05.22 22:10.02_883 AWT-EventQueue-0[I] Сохранение конфигурации главного табло - ЖК или плазмы. at ru.apertum.qsystem.common.NetCommander.saveBoardConfig(NetCommander.java:835)
11.05.22 22:26.50_202 main[I] Properties are ready. at ru.apertum.qsystem.common.QConfig.prepareCLI(QConfig.java:333)
11.05.22 22:26.50_210 main[I] Languages are loading... at ru.apertum.qsystem.client.Locales.<init>(Locales.java:158)
11.05.22 22:26.50_309 main[I] "QSystem 21.1"!  date: 02.06.2021 at ru.apertum.qsystem.About.load(About.java:80)
11.05.22 22:26.50_309 main[I] Mode: FULL at ru.apertum.qsystem.About.load(About.java:84)
11.05.22 22:26.50_310 main[I] Plugins: YES at ru.apertum.qsystem.About.load(About.java:85)
11.05.22 22:26.50_616 main[I] DB server 'MySQL-local driver=org.h2.Driver' url=jdbc:mysql://127.0.0.1/qsystem?serverTimezone=UTC&useSSL=false at ru.apertum.qsystem.hibernate.ChangeServerAction.load(ChangeServerAction.java:198)
11.05.22 22:26.52_738 AWT-EventQueue-0[I] Editing of user "Окно 1" at ru.apertum.qsystem.client.forms.FUserChangeDialog.changeUser(FUserChangeDialog.java:68)
11.05.22 22:26.54_515 main[I] DB is OK. at ru.apertum.qsystem.client.forms.FAdmin.runPager(FAdmin.java:1350)
11.05.22 22:26.54_522 main[I] Loading plugins from folder: ./plugins/ at ru.apertum.qsystem.common.Uses.loadPlugins(Uses.java:667)
11.05.22 22:26.54_524 main[I] Plugin ClientboardRS485Plugin.jar was loaded successfully. at ru.apertum.qsystem.common.Uses.loadPlugins(Uses.java:673)
11.05.22 22:26.54_525 main[I] Plugin Microsound.jar was loaded successfully. at ru.apertum.qsystem.common.Uses.loadPlugins(Uses.java:673)
11.05.22 22:26.54_528 main[I] Plugin qsound-Angelina1.jar was loaded successfully. at ru.apertum.qsystem.common.Uses.loadPlugins(Uses.java:673)
11.05.22 22:26.54_913 main[I] Вход в систему. at ru.apertum.qsystem.client.forms.FLogin.logining(FLogin.java:327)
11.05.22 22:26.55_074 main[I] DB server 'MySQL-local driver=org.h2.Driver' url=jdbc:mysql://127.0.0.1/qsystem?serverTimezone=UTC&useSSL=false at ru.apertum.qsystem.hibernate.ChangeServerAction.load(ChangeServerAction.java:198)
12.05.22 10:03.52_811 main[I] Properties are ready. at ru.apertum.qsystem.common.QConfig.prepareCLI(QConfig.java:333)
12.05.22 10:03.52_822 main[I] Languages are loading... at ru.apertum.qsystem.client.Locales.<init>(Locales.java:158)
12.05.22 10:03.52_930 main[I] "QSystem 21.1"!  date: 02.06.2021 at ru.apertum.qsystem.About.load(About.java:80)
12.05.22 10:03.52_931 main[I] Mode: FULL at ru.apertum.qsystem.About.load(About.java:84)
12.05.22 10:03.52_931 main[I] Plugins: YES at ru.apertum.qsystem.About.load(About.java:85)
12.05.22 10:03.53_201 main[I] DB server 'MySQL-local driver=org.h2.Driver' url=jdbc:mysql://127.0.0.1/qsystem?serverTimezone=UTC&useSSL=false at ru.apertum.qsystem.hibernate.ChangeServerAction.load(ChangeServerAction.java:198)
12.05.22 10:03.56_033 AWT-EventQueue-0[I] Редактирование услуги "KICB" at ru.apertum.qsystem.client.forms.FServiceChangeDialod.changeService(FServiceChangeDialod.java:99)
12.05.22 10:03.57_220 main[I] DB is OK. at ru.apertum.qsystem.client.forms.FAdmin.runPager(FAdmin.java:1350)
12.05.22 10:03.57_226 main[I] Loading plugins from folder: ./plugins/ at ru.apertum.qsystem.common.Uses.loadPlugins(Uses.java:667)
12.05.22 10:03.57_228 main[I] Plugin ClientboardRS485Plugin.jar was loaded successfully. at ru.apertum.qsystem.common.Uses.loadPlugins(Uses.java:673)
12.05.22 10:03.57_229 main[I] Plugin Microsound.jar was loaded successfully. at ru.apertum.qsystem.common.Uses.loadPlugins(Uses.java:673)
12.05.22 10:03.57_232 main[I] Plugin qsound-Angelina1.jar was loaded successfully. at ru.apertum.qsystem.common.Uses.loadPlugins(Uses.java:673)
12.05.22 10:03.57_622 main[I] Вход в систему. at ru.apertum.qsystem.client.forms.FLogin.logining(FLogin.java:327)
12.05.22 10:03.57_774 main[I] DB server 'MySQL-local driver=org.h2.Driver' url=jdbc:mysql://127.0.0.1/qsystem?serverTimezone=UTC&useSSL=false at ru.apertum.qsystem.hibernate.ChangeServerAction.load(ChangeServerAction.java:198)
12.05.22 10:04.18_576 AWT-EventQueue-0[I] Команда на рестарт сервера. at ru.apertum.qsystem.common.NetCommander.restartServer(NetCommander.java:945)
12.05.22 10:04.53_033 AWT-EventQueue-0[I] Запрос о состоянии на сервер. at ru.apertum.qsystem.client.forms.FAdmin.checkServer(FAdmin.java:1058)
12.05.22 10:04.53_034 AWT-EventQueue-0[I] Получение описания состояния сервера. at ru.apertum.qsystem.common.NetCommander.getServerState(NetCommander.java:752)
12.05.22 10:04.53_150 AWT-EventQueue-0[I] Команда на обновление пула отложенных. at ru.apertum.qsystem.common.NetCommander.getPostponedPoolInfo(NetCommander.java:1081)
12.05.22 10:12.48_599 AWT-EventQueue-0[I] Редактирование услуги "." at ru.apertum.qsystem.client.forms.FServiceChangeDialod.changeService(FServiceChangeDialod.java:99)
12.05.22 10:12.51_585 AWT-EventQueue-0[I] Редактирование услуги "Выдача Карт (Окно 1,2,3,4) " at ru.apertum.qsystem.client.forms.FServiceChangeDialod.changeService(FServiceChangeDialod.java:99)
12.05.22 10:12.56_543 AWT-EventQueue-0[I] Редактирование услуги "Касса (5,6)" at ru.apertum.qsystem.client.forms.FServiceChangeDialod.changeService(FServiceChangeDialod.java:99)
12.05.22 10:13.00_102 AWT-EventQueue-0[I] Редактирование услуги "Для держателей «Visa Infinite»" at ru.apertum.qsystem.client.forms.FServiceChangeDialod.changeService(FServiceChangeDialod.java:99)
12.05.22 10:13.15_662 AWT-EventQueue-0[I] Редактирование услуги "Переадресация" at ru.apertum.qsystem.client.forms.FServiceChangeDialod.changeService(FServiceChangeDialod.java:99)
12.05.22 10:14.16_060 AWT-EventQueue-0[I] Editing of user "Окно 3" at ru.apertum.qsystem.client.forms.FUserChangeDialog.changeUser(FUserChangeDialog.java:68)
12.05.22 10:16.33_169 AWT-EventQueue-0[I] Редактирование услуги "Окно 1" at ru.apertum.qsystem.client.forms.FServiceChangeDialod.changeService(FServiceChangeDialod.java:99)
12.05.22 10:16.43_544 AWT-EventQueue-0[I] Редактирование услуги "Окно 2" at ru.apertum.qsystem.client.forms.FServiceChangeDialod.changeService(FServiceChangeDialod.java:99)
12.05.22 10:16.50_134 AWT-EventQueue-0[I] Редактирование услуги "Окно 1" at ru.apertum.qsystem.client.forms.FServiceChangeDialod.changeService(FServiceChangeDialod.java:99)
12.05.22 10:16.53_069 AWT-EventQueue-0[I] Редактирование услуги "Окно 3" at ru.apertum.qsystem.client.forms.FServiceChangeDialod.changeService(FServiceChangeDialod.java:99)
12.05.22 10:17.00_848 AWT-EventQueue-0[I] Редактирование услуги "Окно 4" at ru.apertum.qsystem.client.forms.FServiceChangeDialod.changeService(FServiceChangeDialod.java:99)
12.05.22 10:17.08_519 AWT-EventQueue-0[I] Редактирование услуги "Окно 5" at ru.apertum.qsystem.client.forms.FServiceChangeDialod.changeService(FServiceChangeDialod.java:99)
12.05.22 10:17.15_188 AWT-EventQueue-0[I] Редактирование услуги "Окно 6" at ru.apertum.qsystem.client.forms.FServiceChangeDialod.changeService(FServiceChangeDialod.java:99)
12.05.22 10:17.33_160 AWT-EventQueue-0[I] Команда на рестарт сервера. at ru.apertum.qsystem.common.NetCommander.restartServer(NetCommander.java:945)
12.05.22 10:17.56_403 AWT-EventQueue-0[I] Запрос о состоянии на сервер. at ru.apertum.qsystem.client.forms.FAdmin.checkServer(FAdmin.java:1058)
12.05.22 10:17.56_404 AWT-EventQueue-0[I] Получение описания состояния сервера. at ru.apertum.qsystem.common.NetCommander.getServerState(NetCommander.java:752)
12.05.22 10:17.56_508 AWT-EventQueue-0[I] Команда на обновление пула отложенных. at ru.apertum.qsystem.common.NetCommander.getPostponedPoolInfo(NetCommander.java:1081)
12.05.22 10:18.05_244 AWT-EventQueue-0[I] Команда на рестарт сервера. at ru.apertum.qsystem.common.NetCommander.restartServer(NetCommander.java:945)
12.05.22 10:18.14_153 AWT-EventQueue-0[I] Запрос о состоянии на сервер. at ru.apertum.qsystem.client.forms.FAdmin.checkServer(FAdmin.java:1058)
12.05.22 10:18.14_153 AWT-EventQueue-0[I] Получение описания состояния сервера. at ru.apertum.qsystem.common.NetCommander.getServerState(NetCommander.java:752)
12.05.22 10:18.14_160 AWT-EventQueue-0[I] Команда на обновление пула отложенных. at ru.apertum.qsystem.common.NetCommander.getPostponedPoolInfo(NetCommander.java:1081)
12.05.22 10:18.18_018 AWT-EventQueue-0[I] Запрос о состоянии на пункт регистрации. at ru.apertum.qsystem.client.forms.FAdmin.checkWelcome(FAdmin.java:1107)
12.05.22 10:18.18_019 AWT-EventQueue-0[I] Получение описания состояния пункта регистрации. at ru.apertum.qsystem.common.NetCommander.getWelcomeState(NetCommander.java:768)
12.05.22 10:18.19_290 AWT-EventQueue-0[I] Запрос о состоянии на пункт регистрации. at ru.apertum.qsystem.client.forms.FAdmin.checkWelcome(FAdmin.java:1107)
12.05.22 10:18.19_290 AWT-EventQueue-0[I] Получение описания состояния пункта регистрации. at ru.apertum.qsystem.common.NetCommander.getWelcomeState(NetCommander.java:768)
12.05.22 10:20.59_885 main[I] Properties are ready. at ru.apertum.qsystem.common.QConfig.prepareCLI(QConfig.java:333)
12.05.22 10:20.59_893 main[I] Languages are loading... at ru.apertum.qsystem.client.Locales.<init>(Locales.java:158)
12.05.22 10:20.59_991 main[I] "QSystem 21.1"!  date: 02.06.2021 at ru.apertum.qsystem.About.load(About.java:80)
12.05.22 10:20.59_991 main[I] Mode: FULL at ru.apertum.qsystem.About.load(About.java:84)
12.05.22 10:20.59_992 main[I] Plugins: YES at ru.apertum.qsystem.About.load(About.java:85)
12.05.22 10:21.00_282 main[I] DB server 'MySQL-local driver=org.h2.Driver' url=jdbc:mysql://127.0.0.1/qsystem?serverTimezone=UTC&useSSL=false at ru.apertum.qsystem.hibernate.ChangeServerAction.load(ChangeServerAction.java:198)
12.05.22 10:21.03_763 main[I] DB is OK. at ru.apertum.qsystem.client.forms.FAdmin.runPager(FAdmin.java:1350)
12.05.22 10:21.03_770 main[I] Loading plugins from folder: ./plugins/ at ru.apertum.qsystem.common.Uses.loadPlugins(Uses.java:667)
12.05.22 10:21.03_772 main[I] Plugin ClientboardRS485Plugin.jar was loaded successfully. at ru.apertum.qsystem.common.Uses.loadPlugins(Uses.java:673)
12.05.22 10:21.03_773 main[I] Plugin Microsound.jar was loaded successfully. at ru.apertum.qsystem.common.Uses.loadPlugins(Uses.java:673)
12.05.22 10:21.03_776 main[I] Plugin qsound-Angelina1.jar was loaded successfully. at ru.apertum.qsystem.common.Uses.loadPlugins(Uses.java:673)
12.05.22 10:21.04_235 main[I] Вход в систему. at ru.apertum.qsystem.client.forms.FLogin.logining(FLogin.java:327)
12.05.22 10:21.04_385 main[I] DB server 'MySQL-local driver=org.h2.Driver' url=jdbc:mysql://127.0.0.1/qsystem?serverTimezone=UTC&useSSL=false at ru.apertum.qsystem.hibernate.ChangeServerAction.load(ChangeServerAction.java:198)
12.05.22 10:21.06_146 main[I] Вход в систему выполнен. Пользователь "Администратор", уровень доступа "3". at ru.apertum.qsystem.client.forms.FLogin.logining(FLogin.java:348)
12.05.22 10:21.06_472 Thread-6[E] Pager not enabled. java.net.ConnectException: Connection refused: connect at ru.apertum.qsystem.client.forms.FAdmin.lambda$runPager$12(FAdmin.java:1373)
12.05.22 10:21.07_308 AWT-EventQueue-0[I] DB server 'MySQL-local driver=org.h2.Driver' url=jdbc:mysql://127.0.0.1/qsystem?serverTimezone=UTC&useSSL=false at ru.apertum.qsystem.hibernate.ChangeServerAction.load(ChangeServerAction.java:198)
12.05.22 10:21.15_758 AWT-EventQueue-0[I] Редактирование услуги "Выдача Карт (Окно 1,2,3,4) " at ru.apertum.qsystem.client.forms.FServiceChangeDialod.changeService(FServiceChangeDialod.java:99)
12.05.22 10:48.10_999 main[I] Properties are ready. at ru.apertum.qsystem.common.QConfig.prepareCLI(QConfig.java:333)
12.05.22 10:48.11_012 main[I] Languages are loading... at ru.apertum.qsystem.client.Locales.<init>(Locales.java:158)
12.05.22 10:48.11_148 main[I] "QSystem 21.1"!  date: 02.06.2021 at ru.apertum.qsystem.About.load(About.java:80)
12.05.22 10:48.11_149 main[I] Mode: FULL at ru.apertum.qsystem.About.load(About.java:84)
12.05.22 10:48.11_149 main[I] Plugins: YES at ru.apertum.qsystem.About.load(About.java:85)
12.05.22 10:48.11_440 main[I] DB server 'MySQL-local driver=org.h2.Driver' url=jdbc:mysql://127.0.0.1/qsystem?serverTimezone=UTC&useSSL=false at ru.apertum.qsystem.hibernate.ChangeServerAction.load(ChangeServerAction.java:198)
12.05.22 10:48.14_868 main[I] DB is OK. at ru.apertum.qsystem.client.forms.FAdmin.runPager(FAdmin.java:1350)
12.05.22 10:48.14_874 main[I] Loading plugins from folder: ./plugins/ at ru.apertum.qsystem.common.Uses.loadPlugins(Uses.java:667)
12.05.22 10:48.14_876 main[I] Plugin ClientboardRS485Plugin.jar was loaded successfully. at ru.apertum.qsystem.common.Uses.loadPlugins(Uses.java:673)
12.05.22 10:48.14_877 main[I] Plugin Microsound.jar was loaded successfully. at ru.apertum.qsystem.common.Uses.loadPlugins(Uses.java:673)
12.05.22 10:48.14_880 main[I] Plugin qsound-Angelina1.jar was loaded successfully. at ru.apertum.qsystem.common.Uses.loadPlugins(Uses.java:673)
12.05.22 10:48.15_342 main[I] Вход в систему. at ru.apertum.qsystem.client.forms.FLogin.logining(FLogin.java:327)
12.05.22 10:48.15_574 main[I] DB server 'MySQL-local driver=org.h2.Driver' url=jdbc:mysql://127.0.0.1/qsystem?serverTimezone=UTC&useSSL=false at ru.apertum.qsystem.hibernate.ChangeServerAction.load(ChangeServerAction.java:198)
12.05.22 10:48.16_636 main[I] Properties are ready. at ru.apertum.qsystem.common.QConfig.prepareCLI(QConfig.java:333)
12.05.22 10:48.16_644 main[I] Languages are loading... at ru.apertum.qsystem.client.Locales.<init>(Locales.java:158)
12.05.22 10:48.16_755 main[I] "QSystem 21.1"!  date: 02.06.2021 at ru.apertum.qsystem.About.load(About.java:80)
12.05.22 10:48.16_755 main[I] Mode: FULL at ru.apertum.qsystem.About.load(About.java:84)
12.05.22 10:48.16_755 main[I] Plugins: YES at ru.apertum.qsystem.About.load(About.java:85)
12.05.22 10:48.17_024 main[I] DB server 'MySQL-local driver=org.h2.Driver' url=jdbc:mysql://127.0.0.1/qsystem?serverTimezone=UTC&useSSL=false at ru.apertum.qsystem.hibernate.ChangeServerAction.load(ChangeServerAction.java:198)
12.05.22 10:48.17_256 main[I] Вход в систему выполнен. Пользователь "Администратор", уровень доступа "3". at ru.apertum.qsystem.client.forms.FLogin.logining(FLogin.java:348)
12.05.22 10:48.18_585 Thread-6[E] Pager not enabled. java.net.ConnectException: Connection refused: connect at ru.apertum.qsystem.client.forms.FAdmin.lambda$runPager$12(FAdmin.java:1373)
12.05.22 10:48.18_686 AWT-EventQueue-0[I] DB server 'MySQL-local driver=org.h2.Driver' url=jdbc:mysql://127.0.0.1/qsystem?serverTimezone=UTC&useSSL=false at ru.apertum.qsystem.hibernate.ChangeServerAction.load(ChangeServerAction.java:198)
12.05.22 10:48.21_853 main[I] DB is OK. at ru.apertum.qsystem.client.forms.FAdmin.runPager(FAdmin.java:1350)
12.05.22 10:48.21_868 main[I] Loading plugins from folder: ./plugins/ at ru.apertum.qsystem.common.Uses.loadPlugins(Uses.java:667)
12.05.22 10:48.21_871 main[I] Plugin ClientboardRS485Plugin.jar was loaded successfully. at ru.apertum.qsystem.common.Uses.loadPlugins(Uses.java:673)
12.05.22 10:48.21_872 main[I] Plugin Microsound.jar was loaded successfully. at ru.apertum.qsystem.common.Uses.loadPlugins(Uses.java:673)
12.05.22 10:48.21_875 main[I] Plugin qsound-Angelina1.jar was loaded successfully. at ru.apertum.qsystem.common.Uses.loadPlugins(Uses.java:673)
12.05.22 10:48.22_285 main[I] Вход в систему. at ru.apertum.qsystem.client.forms.FLogin.logining(FLogin.java:327)
12.05.22 10:48.22_417 main[I] DB server 'MySQL-local driver=org.h2.Driver' url=jdbc:mysql://127.0.0.1/qsystem?serverTimezone=UTC&useSSL=false at ru.apertum.qsystem.hibernate.ChangeServerAction.load(ChangeServerAction.java:198)
12.05.22 10:48.25_686 AWT-EventQueue-0[I] Редактирование услуги "Выдача Карт (Окно 1,2,3,4) " at ru.apertum.qsystem.client.forms.FServiceChangeDialod.changeService(FServiceChangeDialod.java:99)
12.05.22 16:35.35_323 AWT-EventQueue-0[I] Редактирование услуги "Выдача Карт (Окно 1,2,3,4) " at ru.apertum.qsystem.client.forms.FServiceChangeDialod.changeService(FServiceChangeDialod.java:99)
12.05.22 17:30.58_767 main[I] Properties are ready. at ru.apertum.qsystem.common.QConfig.prepareCLI(QConfig.java:333)
12.05.22 17:30.58_775 main[I] Languages are loading... at ru.apertum.qsystem.client.Locales.<init>(Locales.java:158)
12.05.22 17:30.58_862 main[I] "QSystem 21.1"!  date: 02.06.2021 at ru.apertum.qsystem.About.load(About.java:80)
12.05.22 17:30.58_863 main[I] Mode: FULL at ru.apertum.qsystem.About.load(About.java:84)
12.05.22 17:30.58_863 main[I] Plugins: YES at ru.apertum.qsystem.About.load(About.java:85)
12.05.22 17:30.59_131 main[I] DB server 'MySQL-local driver=org.h2.Driver' url=jdbc:mysql://127.0.0.1/qsystem?serverTimezone=UTC&useSSL=false at ru.apertum.qsystem.hibernate.ChangeServerAction.load(ChangeServerAction.java:198)
12.05.22 17:31.02_349 main[I] DB is OK. at ru.apertum.qsystem.client.forms.FAdmin.runPager(FAdmin.java:1350)
12.05.22 17:31.02_355 main[I] Loading plugins from folder: ./plugins/ at ru.apertum.qsystem.common.Uses.loadPlugins(Uses.java:667)
12.05.22 17:31.02_356 main[I] Plugin ClientboardRS485Plugin.jar was loaded successfully. at ru.apertum.qsystem.common.Uses.loadPlugins(Uses.java:673)
12.05.22 17:31.02_358 main[I] Plugin Microsound.jar was loaded successfully. at ru.apertum.qsystem.common.Uses.loadPlugins(Uses.java:673)
12.05.22 17:31.02_361 main[I] Plugin qsound-Angelina1.jar was loaded successfully. at ru.apertum.qsystem.common.Uses.loadPlugins(Uses.java:673)
12.05.22 17:31.02_640 Thread-6[E] Pager not enabled. java.net.UnknownHostException: dev.apertum.ru at ru.apertum.qsystem.client.forms.FAdmin.lambda$runPager$12(FAdmin.java:1373)
12.05.22 17:31.02_747 main[I] Вход в систему. at ru.apertum.qsystem.client.forms.FLogin.logining(FLogin.java:327)
12.05.22 17:31.02_884 main[I] DB server 'MySQL-local driver=org.h2.Driver' url=jdbc:mysql://127.0.0.1/qsystem?serverTimezone=UTC&useSSL=false at ru.apertum.qsystem.hibernate.ChangeServerAction.load(ChangeServerAction.java:198)
12.05.22 17:31.04_316 main[I] Вход в систему выполнен. Пользователь "Администратор", уровень доступа "3". at ru.apertum.qsystem.client.forms.FLogin.logining(FLogin.java:348)
12.05.22 17:31.05_387 AWT-EventQueue-0[I] DB server 'MySQL-local driver=org.h2.Driver' url=jdbc:mysql://127.0.0.1/qsystem?serverTimezone=UTC&useSSL=false at ru.apertum.qsystem.hibernate.ChangeServerAction.load(ChangeServerAction.java:198)
12.05.22 17:31.21_252 AWT-EventQueue-0[I] Запрос о состоянии на сервер. at ru.apertum.qsystem.client.forms.FAdmin.checkServer(FAdmin.java:1058)
12.05.22 17:31.21_256 AWT-EventQueue-0[I] Получение описания состояния сервера. at ru.apertum.qsystem.common.NetCommander.getServerState(NetCommander.java:752)
12.05.22 17:31.21_283 AWT-EventQueue-0[I] Команда на обновление пула отложенных. at ru.apertum.qsystem.common.NetCommander.getPostponedPoolInfo(NetCommander.java:1081)
22.06.22 18:31.14_019 main[I] Properties are ready. at ru.apertum.qsystem.common.QConfig.prepareCLI(QConfig.java:333)
22.06.22 18:31.14_045 main[I] Languages are loading... at ru.apertum.qsystem.client.Locales.<init>(Locales.java:158)
22.06.22 18:31.14_632 main[I] "QSystem 21.1"!  date: 02.06.2021 at ru.apertum.qsystem.About.load(About.java:80)
22.06.22 18:31.14_632 main[I] Mode: FULL at ru.apertum.qsystem.About.load(About.java:84)
22.06.22 18:31.14_633 main[I] Plugins: YES at ru.apertum.qsystem.About.load(About.java:85)
22.06.22 18:31.16_609 main[I] DB server 'MySQL-local driver=org.h2.Driver' url=jdbc:mysql://127.0.0.1/qsystem?serverTimezone=UTC&useSSL=false at ru.apertum.qsystem.hibernate.ChangeServerAction.load(ChangeServerAction.java:198)
22.06.22 18:31.24_882 main[I] DB is OK. at ru.apertum.qsystem.client.forms.FAdmin.runPager(FAdmin.java:1350)
22.06.22 18:31.24_888 main[I] Loading plugins from folder: ./plugins/ at ru.apertum.qsystem.common.Uses.loadPlugins(Uses.java:667)
22.06.22 18:31.24_891 main[I] Plugin ClientboardRS485Plugin.jar was loaded successfully. at ru.apertum.qsystem.common.Uses.loadPlugins(Uses.java:673)
22.06.22 18:31.24_912 main[I] Plugin Microsound.jar was loaded successfully. at ru.apertum.qsystem.common.Uses.loadPlugins(Uses.java:673)
22.06.22 18:31.24_942 main[I] Plugin qsound-Angelina1.jar was loaded successfully. at ru.apertum.qsystem.common.Uses.loadPlugins(Uses.java:673)
22.06.22 18:31.25_405 Thread-6[E] Pager not enabled. java.net.UnknownHostException: dev.apertum.ru at ru.apertum.qsystem.client.forms.FAdmin.lambda$runPager$12(FAdmin.java:1373)
22.06.22 18:31.25_779 main[I] Вход в систему. at ru.apertum.qsystem.client.forms.FLogin.logining(FLogin.java:327)
22.06.22 18:31.26_046 main[I] DB server 'MySQL-local driver=org.h2.Driver' url=jdbc:mysql://127.0.0.1/qsystem?serverTimezone=UTC&useSSL=false at ru.apertum.qsystem.hibernate.ChangeServerAction.load(ChangeServerAction.java:198)
22.06.22 18:31.30_817 main[I] Вход в систему выполнен. Пользователь "Администратор", уровень доступа "3". at ru.apertum.qsystem.client.forms.FLogin.logining(FLogin.java:348)
22.06.22 18:31.32_783 AWT-EventQueue-0[I] DB server 'MySQL-local driver=org.h2.Driver' url=jdbc:mysql://127.0.0.1/qsystem?serverTimezone=UTC&useSSL=false at ru.apertum.qsystem.hibernate.ChangeServerAction.load(ChangeServerAction.java:198)
22.06.22 18:31.39_437 AWT-EventQueue-0[I] Редактирование услуги "Выдача" at ru.apertum.qsystem.client.forms.FServiceChangeDialod.changeService(FServiceChangeDialod.java:99)
