10.05.22 15:37.36_699 main[I] Properties are ready. at ru.apertum.qsystem.common.QConfig.prepareCLI(QConfig.java:333)
10.05.22 15:37.36_708 main[I] Languages are loading... at ru.apertum.qsystem.client.Locales.<init>(Locales.java:158)
10.05.22 15:37.36_828 main[I] "QSystem 21.1"!  date: 02.06.2021 at ru.apertum.qsystem.About.load(About.java:80)
10.05.22 15:37.36_828 main[I] Mode: FULL at ru.apertum.qsystem.About.load(About.java:84)
10.05.22 15:37.36_828 main[I] Plugins: YES at ru.apertum.qsystem.About.load(About.java:85)
10.05.22 15:37.37_074 main[I] Loading plugins from folder: ./plugins/ at ru.apertum.qsystem.common.Uses.loadPlugins(Uses.java:667)
10.05.22 15:37.37_079 main[I] Plugin Microsound.jar was loaded successfully. at ru.apertum.qsystem.common.Uses.loadPlugins(Uses.java:673)
10.05.22 15:37.37_089 main[I] Получить параметры. at ru.apertum.qsystem.common.NetCommander.getProperties(NetCommander.java:1213)
10.05.22 15:37.37_478 main[I] Enter to the system. at ru.apertum.qsystem.client.forms.FLogin.logining(FLogin.java:282)
10.05.22 15:37.37_764 main[I] Получение описания всех юзеров для выбора себя. at ru.apertum.qsystem.common.NetCommander.getUsers(NetCommander.java:465)
10.05.22 15:37.42_354 main[I] Access successful. User "Окно 1", Access level is "1". at ru.apertum.qsystem.client.forms.FLogin.logining(FLogin.java:303)
10.05.22 15:37.42_356 main[I] Получение описания очередей для юзера. at ru.apertum.qsystem.common.NetCommander.getSelfServicesCheck(NetCommander.java:529)
10.05.22 15:37.43_606 main[I] Invoke SPI extension. Description: Embedded mode of Microsound for Push-To-Talk . at ru.apertum.qsystem.client.forms.FClient.main(FClient.java:2007)
10.05.22 15:37.46_005 AWT-EventQueue-0[I] Вызов SPI расширения. Описание: Embedded mode of Microsound for Push-To-Talk . at ru.apertum.qsystem.client.forms.FClient.extPluginIStartClientBeforePressButton(FClient.java:988)
10.05.22 15:37.46_009 AWT-EventQueue-0[I] Получение следующего юзера из очередей, обрабатываемых юзером. at ru.apertum.qsystem.common.NetCommander.inviteNextCustomer(NetCommander.java:552)
10.05.22 15:37.46_129 AWT-EventQueue-0[I] Вызов SPI расширения. Описание: Embedded mode of Microsound for Push-To-Talk . at ru.apertum.qsystem.client.forms.FClient.extPluginIStartClientPressedButton(FClient.java:975)
10.05.22 15:38.01_620 AWT-EventQueue-0[I] Вызов SPI расширения. Описание: Embedded mode of Microsound for Push-To-Talk . at ru.apertum.qsystem.client.forms.FClient.extPluginIStartClientBeforePressButton(FClient.java:988)
10.05.22 15:38.01_620 AWT-EventQueue-0[I] Начать работу с вызванным кастомером. at ru.apertum.qsystem.common.NetCommander.getStartCustomer(NetCommander.java:690)
10.05.22 15:38.01_866 AWT-EventQueue-0[I] Вызов SPI расширения. Описание: Embedded mode of Microsound for Push-To-Talk . at ru.apertum.qsystem.client.forms.FClient.extPluginIStartClientPressedButton(FClient.java:975)
11.05.22 18:35.54_974 main[I] Properties are ready. at ru.apertum.qsystem.common.QConfig.prepareCLI(QConfig.java:333)
11.05.22 18:35.54_984 main[I] Languages are loading... at ru.apertum.qsystem.client.Locales.<init>(Locales.java:158)
11.05.22 18:35.55_096 main[I] "QSystem 21.1"!  date: 02.06.2021 at ru.apertum.qsystem.About.load(About.java:80)
11.05.22 18:35.55_096 main[I] Mode: KEY_DEBUG at ru.apertum.qsystem.About.load(About.java:84)
11.05.22 18:35.55_098 main[I] Plugins: YES at ru.apertum.qsystem.About.load(About.java:85)
11.05.22 18:35.55_295 main[I] Loading plugins from folder: ./plugins/ at ru.apertum.qsystem.common.Uses.loadPlugins(Uses.java:667)
11.05.22 18:35.55_299 main[I] Plugin Microsound.jar was loaded successfully. at ru.apertum.qsystem.common.Uses.loadPlugins(Uses.java:673)
11.05.22 18:35.55_308 main[I] Получить параметры. at ru.apertum.qsystem.common.NetCommander.getProperties(NetCommander.java:1213)
11.05.22 18:35.55_636 main[I] Enter to the system. at ru.apertum.qsystem.client.forms.FLogin.logining(FLogin.java:282)
11.05.22 18:35.55_820 main[I] Получение описания всех юзеров для выбора себя. at ru.apertum.qsystem.common.NetCommander.getUsers(NetCommander.java:465)
11.05.22 18:36.00_496 main[I] Access successful. User "Окно 1", Access level is "1". at ru.apertum.qsystem.client.forms.FLogin.logining(FLogin.java:303)
11.05.22 18:36.00_506 main[I] Получение описания очередей для юзера. at ru.apertum.qsystem.common.NetCommander.getSelfServicesCheck(NetCommander.java:529)
11.05.22 18:36.01_711 main[I] Invoke SPI extension. Description: Embedded mode of Microsound for Push-To-Talk . at ru.apertum.qsystem.client.forms.FClient.main(FClient.java:2007)
11.05.22 18:36.11_707 AWT-EventQueue-0[I] Вызов SPI расширения. Описание: Embedded mode of Microsound for Push-To-Talk . at ru.apertum.qsystem.client.forms.FClient.extPluginIStartClientBeforePressButton(FClient.java:988)
11.05.22 18:36.11_712 AWT-EventQueue-0[I] Получение следующего юзера из очередей, обрабатываемых юзером. at ru.apertum.qsystem.common.NetCommander.inviteNextCustomer(NetCommander.java:552)
11.05.22 18:36.11_868 AWT-EventQueue-0[I] Вызов SPI расширения. Описание: Embedded mode of Microsound for Push-To-Talk . at ru.apertum.qsystem.client.forms.FClient.extPluginIStartClientPressedButton(FClient.java:975)
11.05.22 18:36.22_490 AWT-EventQueue-0[I] Вызов SPI расширения. Описание: Embedded mode of Microsound for Push-To-Talk . at ru.apertum.qsystem.client.forms.FClient.extPluginIStartClientBeforePressButton(FClient.java:988)
11.05.22 18:36.22_492 AWT-EventQueue-0[I] Получение следующего юзера из очередей, обрабатываемых юзером. at ru.apertum.qsystem.common.NetCommander.inviteNextCustomer(NetCommander.java:552)
11.05.22 18:36.22_613 AWT-EventQueue-0[I] Вызов SPI расширения. Описание: Embedded mode of Microsound for Push-To-Talk . at ru.apertum.qsystem.client.forms.FClient.extPluginIStartClientPressedButton(FClient.java:975)
11.05.22 18:38.05_891 AWT-EventQueue-0[I] Вызов SPI расширения. Описание: Embedded mode of Microsound for Push-To-Talk . at ru.apertum.qsystem.client.forms.FClient.extPluginIStartClientBeforePressButton(FClient.java:988)
11.05.22 18:38.13_082 AWT-EventQueue-0[I] Вызов SPI расширения. Описание: Embedded mode of Microsound for Push-To-Talk . at ru.apertum.qsystem.client.forms.FClient.extPluginIStartClientBeforePressButton(FClient.java:988)
11.05.22 18:38.16_874 AWT-EventQueue-0[I] Вызов SPI расширения. Описание: Embedded mode of Microsound for Push-To-Talk . at ru.apertum.qsystem.client.forms.FClient.extPluginIStartClientBeforePressButton(FClient.java:988)
11.05.22 18:38.16_875 AWT-EventQueue-0[I] Начать работу с вызванным кастомером. at ru.apertum.qsystem.common.NetCommander.getStartCustomer(NetCommander.java:690)
11.05.22 18:38.17_118 AWT-EventQueue-0[I] Вызов SPI расширения. Описание: Embedded mode of Microsound for Push-To-Talk . at ru.apertum.qsystem.client.forms.FClient.extPluginIStartClientPressedButton(FClient.java:975)
11.05.22 18:38.30_417 AWT-EventQueue-0[I] Вызов SPI расширения. Описание: Embedded mode of Microsound for Push-To-Talk . at ru.apertum.qsystem.client.forms.FClient.extPluginIStartClientBeforePressButton(FClient.java:988)
11.05.22 18:38.30_423 AWT-EventQueue-0[I] Выбор услуги для перенаправления. at ru.apertum.qsystem.client.forms.FRedirect.getService(FRedirect.java:173)
11.05.22 18:38.30_443 AWT-EventQueue-0[I] Получение возможных услуг. at ru.apertum.qsystem.common.NetCommander.getServices(NetCommander.java:328)
11.05.22 18:38.37_100 AWT-EventQueue-0[I] Переадресовать клиента в другую очередь. at ru.apertum.qsystem.common.NetCommander.redirectCustomer(NetCommander.java:733)
11.05.22 18:38.37_333 AWT-EventQueue-0[I] Вызов SPI расширения. Описание: Embedded mode of Microsound for Push-To-Talk . at ru.apertum.qsystem.client.forms.FClient.extPluginIStartClientPressedButton(FClient.java:975)
11.05.22 18:38.42_945 AWT-EventQueue-0[I] Вызов SPI расширения. Описание: Embedded mode of Microsound for Push-To-Talk . at ru.apertum.qsystem.client.forms.FClient.extPluginIStartClientBeforePressButton(FClient.java:988)
11.05.22 18:38.42_946 AWT-EventQueue-0[I] Получение следующего юзера из очередей, обрабатываемых юзером. at ru.apertum.qsystem.common.NetCommander.inviteNextCustomer(NetCommander.java:552)
11.05.22 18:38.43_102 AWT-EventQueue-0[I] Вызов SPI расширения. Описание: Embedded mode of Microsound for Push-To-Talk . at ru.apertum.qsystem.client.forms.FClient.extPluginIStartClientPressedButton(FClient.java:975)
11.05.22 18:38.58_266 AWT-EventQueue-0[I] Вызов SPI расширения. Описание: Embedded mode of Microsound for Push-To-Talk . at ru.apertum.qsystem.client.forms.FClient.extPluginIStartClientBeforePressButton(FClient.java:988)
11.05.22 18:38.58_268 AWT-EventQueue-0[I] Начать работу с вызванным кастомером. at ru.apertum.qsystem.common.NetCommander.getStartCustomer(NetCommander.java:690)
11.05.22 18:38.58_400 AWT-EventQueue-0[I] Вызов SPI расширения. Описание: Embedded mode of Microsound for Push-To-Talk . at ru.apertum.qsystem.client.forms.FClient.extPluginIStartClientPressedButton(FClient.java:975)
11.05.22 18:39.00_003 AWT-EventQueue-0[I] Вызов SPI расширения. Описание: Embedded mode of Microsound for Push-To-Talk . at ru.apertum.qsystem.client.forms.FClient.extPluginIStartClientBeforePressButton(FClient.java:988)
11.05.22 18:39.00_005 AWT-EventQueue-0[I] Закончить работу с вызванным кастомером. at ru.apertum.qsystem.common.NetCommander.getFinishCustomer(NetCommander.java:708)
11.05.22 18:39.00_060 AWT-EventQueue-0[I] Вызов SPI расширения. Описание: Embedded mode of Microsound for Push-To-Talk . at ru.apertum.qsystem.client.forms.FClient.extPluginIStartClientPressedButton(FClient.java:975)
12.05.22 09:55.14_319 main[I] Properties are ready. at ru.apertum.qsystem.common.QConfig.prepareCLI(QConfig.java:333)
12.05.22 09:55.14_328 main[I] Languages are loading... at ru.apertum.qsystem.client.Locales.<init>(Locales.java:158)
12.05.22 09:55.14_442 main[I] "QSystem 21.1"!  date: 02.06.2021 at ru.apertum.qsystem.About.load(About.java:80)
12.05.22 09:55.14_442 main[I] Mode: KEY_DEBUG at ru.apertum.qsystem.About.load(About.java:84)
12.05.22 09:55.14_444 main[I] Plugins: YES at ru.apertum.qsystem.About.load(About.java:85)
12.05.22 09:55.14_651 main[I] Loading plugins from folder: ./plugins/ at ru.apertum.qsystem.common.Uses.loadPlugins(Uses.java:667)
12.05.22 09:55.14_654 main[I] Plugin ClientboardRS485Plugin.jar was loaded successfully. at ru.apertum.qsystem.common.Uses.loadPlugins(Uses.java:673)
12.05.22 09:55.14_655 main[I] Plugin Microsound.jar was loaded successfully. at ru.apertum.qsystem.common.Uses.loadPlugins(Uses.java:673)
12.05.22 09:55.14_659 main[I] Plugin qsound-Angelina1.jar was loaded successfully. at ru.apertum.qsystem.common.Uses.loadPlugins(Uses.java:673)
12.05.22 09:55.14_670 main[I] Получить параметры. at ru.apertum.qsystem.common.NetCommander.getProperties(NetCommander.java:1213)
12.05.22 09:55.14_964 main[I] Enter to the system. at ru.apertum.qsystem.client.forms.FLogin.logining(FLogin.java:282)
12.05.22 09:55.15_160 main[I] Получение описания всех юзеров для выбора себя. at ru.apertum.qsystem.common.NetCommander.getUsers(NetCommander.java:465)
12.05.22 09:55.19_604 main[I] Access successful. User "Окно 1", Access level is "1". at ru.apertum.qsystem.client.forms.FLogin.logining(FLogin.java:303)
12.05.22 09:55.19_616 main[I] Получение описания очередей для юзера. at ru.apertum.qsystem.common.NetCommander.getSelfServicesCheck(NetCommander.java:529)
12.05.22 09:55.20_677 main[I] Invoke SPI extension. Description: Плагин "ClientboardRS485Plugin" во время смены статуса клиенту выводит инфу в гирлянду RS ДЛЯ ОПЕРАТОРА at ru.apertum.qsystem.client.forms.FClient.main(FClient.java:2007)
12.05.22 09:55.20_684 main[I] Invoke SPI extension. Description: Embedded mode of Microsound for Push-To-Talk . at ru.apertum.qsystem.client.forms.FClient.main(FClient.java:2007)
12.05.22 09:55.52_470 AWT-EventQueue-0[I] Вызов SPI расширения. Описание: Плагин "ClientboardRS485Plugin" во время смены статуса клиенту выводит инфу в гирлянду RS ДЛЯ ОПЕРАТОРА at ru.apertum.qsystem.client.forms.FClient.extPluginIStartClientBeforePressButton(FClient.java:988)
12.05.22 09:56.09_766 AWT-EventQueue-0[I] Вызов SPI расширения. Описание: Плагин "ClientboardRS485Plugin" во время смены статуса клиенту выводит инфу в гирлянду RS ДЛЯ ОПЕРАТОРА at ru.apertum.qsystem.client.forms.FClient.extPluginIStartClientBeforePressButton(FClient.java:988)
12.05.22 09:56.53_717 AWT-EventQueue-0[I] Вызов SPI расширения. Описание: Плагин "ClientboardRS485Plugin" во время смены статуса клиенту выводит инфу в гирлянду RS ДЛЯ ОПЕРАТОРА at ru.apertum.qsystem.client.forms.FClient.extPluginIStartClientBeforePressButton(FClient.java:988)
12.05.22 09:57.21_028 main[I] Properties are ready. at ru.apertum.qsystem.common.QConfig.prepareCLI(QConfig.java:333)
12.05.22 09:57.21_039 main[I] Languages are loading... at ru.apertum.qsystem.client.Locales.<init>(Locales.java:158)
12.05.22 09:57.21_159 main[I] "QSystem 21.1"!  date: 02.06.2021 at ru.apertum.qsystem.About.load(About.java:80)
12.05.22 09:57.21_159 main[I] Mode: FULL at ru.apertum.qsystem.About.load(About.java:84)
12.05.22 09:57.21_159 main[I] Plugins: YES at ru.apertum.qsystem.About.load(About.java:85)
12.05.22 09:57.21_348 main[E] .QSystem: Application alredy started!!! at ru.apertum.qsystem.common.Uses.startSplashClient(Uses.java:797)
12.05.22 09:57.36_532 main[I] Properties are ready. at ru.apertum.qsystem.common.QConfig.prepareCLI(QConfig.java:333)
12.05.22 09:57.36_540 main[I] Languages are loading... at ru.apertum.qsystem.client.Locales.<init>(Locales.java:158)
12.05.22 09:57.36_633 main[I] "QSystem 21.1"!  date: 02.06.2021 at ru.apertum.qsystem.About.load(About.java:80)
12.05.22 09:57.36_633 main[I] Mode: FULL at ru.apertum.qsystem.About.load(About.java:84)
12.05.22 09:57.36_634 main[I] Plugins: YES at ru.apertum.qsystem.About.load(About.java:85)
12.05.22 09:57.36_819 main[I] Loading plugins from folder: ./plugins/ at ru.apertum.qsystem.common.Uses.loadPlugins(Uses.java:667)
12.05.22 09:57.36_821 main[I] Plugin ClientboardRS485Plugin.jar was loaded successfully. at ru.apertum.qsystem.common.Uses.loadPlugins(Uses.java:673)
12.05.22 09:57.36_822 main[I] Plugin Microsound.jar was loaded successfully. at ru.apertum.qsystem.common.Uses.loadPlugins(Uses.java:673)
12.05.22 09:57.36_824 main[I] Plugin qsound-Angelina1.jar was loaded successfully. at ru.apertum.qsystem.common.Uses.loadPlugins(Uses.java:673)
12.05.22 09:57.36_833 main[I] Получить параметры. at ru.apertum.qsystem.common.NetCommander.getProperties(NetCommander.java:1213)
12.05.22 09:57.37_109 main[I] Enter to the system. at ru.apertum.qsystem.client.forms.FLogin.logining(FLogin.java:282)
12.05.22 09:57.37_295 main[I] Получение описания всех юзеров для выбора себя. at ru.apertum.qsystem.common.NetCommander.getUsers(NetCommander.java:465)
12.05.22 09:57.40_158 main[I] Access successful. User "Окно 1", Access level is "1". at ru.apertum.qsystem.client.forms.FLogin.logining(FLogin.java:303)
12.05.22 09:57.40_160 main[I] Получение описания очередей для юзера. at ru.apertum.qsystem.common.NetCommander.getSelfServicesCheck(NetCommander.java:529)
12.05.22 09:57.41_390 main[I] Invoke SPI extension. Description: Плагин "ClientboardRS485Plugin" во время смены статуса клиенту выводит инфу в гирлянду RS ДЛЯ ОПЕРАТОРА at ru.apertum.qsystem.client.forms.FClient.main(FClient.java:2007)
12.05.22 09:57.41_394 main[I] Invoke SPI extension. Description: Embedded mode of Microsound for Push-To-Talk . at ru.apertum.qsystem.client.forms.FClient.main(FClient.java:2007)
12.05.22 09:57.44_190 AWT-EventQueue-0[I] Вызов SPI расширения. Описание: Плагин "ClientboardRS485Plugin" во время смены статуса клиенту выводит инфу в гирлянду RS ДЛЯ ОПЕРАТОРА at ru.apertum.qsystem.client.forms.FClient.extPluginIStartClientBeforePressButton(FClient.java:988)
12.05.22 09:58.11_926 AWT-EventQueue-0[I] Диалог управления приоритетами. at ru.apertum.qsystem.client.forms.FServicePriority.show(FServicePriority.java:91)
12.05.22 09:58.21_741 AWT-EventQueue-0[I] Изменение приоритетов услуг оператором. at ru.apertum.qsystem.common.NetCommander.setBussy(NetCommander.java:1196)
12.05.22 09:58.22_860 AWT-EventQueue-0[I] Изменение приоритетов услуг оператором. at ru.apertum.qsystem.common.NetCommander.setBussy(NetCommander.java:1196)
12.05.22 10:10.59_360 AWT-EventQueue-0[I] Вызов SPI расширения. Описание: Плагин "ClientboardRS485Plugin" во время смены статуса клиенту выводит инфу в гирлянду RS ДЛЯ ОПЕРАТОРА at ru.apertum.qsystem.client.forms.FClient.extPluginIStartClientBeforePressButton(FClient.java:988)
12.05.22 10:11.14_263 AWT-EventQueue-0[I] Вызов SPI расширения. Описание: Плагин "ClientboardRS485Plugin" во время смены статуса клиенту выводит инфу в гирлянду RS ДЛЯ ОПЕРАТОРА at ru.apertum.qsystem.client.forms.FClient.extPluginIStartClientBeforePressButton(FClient.java:988)
12.05.22 10:11.59_857 main[I] Properties are ready. at ru.apertum.qsystem.common.QConfig.prepareCLI(QConfig.java:333)
12.05.22 10:11.59_864 main[I] Languages are loading... at ru.apertum.qsystem.client.Locales.<init>(Locales.java:158)
12.05.22 10:11.59_960 main[I] "QSystem 21.1"!  date: 02.06.2021 at ru.apertum.qsystem.About.load(About.java:80)
12.05.22 10:11.59_961 main[I] Mode: FULL at ru.apertum.qsystem.About.load(About.java:84)
12.05.22 10:11.59_961 main[I] Plugins: YES at ru.apertum.qsystem.About.load(About.java:85)
12.05.22 10:12.00_144 main[E] .QSystem: Application alredy started!!! at ru.apertum.qsystem.common.Uses.startSplashClient(Uses.java:797)
12.05.22 10:12.06_781 AWT-EventQueue-0[I] Вызов SPI расширения. Описание: Плагин "ClientboardRS485Plugin" во время смены статуса клиенту выводит инфу в гирлянду RS ДЛЯ ОПЕРАТОРА at ru.apertum.qsystem.client.forms.FClient.extPluginIStartClientBeforePressButton(FClient.java:988)
12.05.22 10:12.32_351 main[I] Properties are ready. at ru.apertum.qsystem.common.QConfig.prepareCLI(QConfig.java:333)
12.05.22 10:12.32_369 main[I] Languages are loading... at ru.apertum.qsystem.client.Locales.<init>(Locales.java:158)
12.05.22 10:12.32_502 main[I] "QSystem 21.1"!  date: 02.06.2021 at ru.apertum.qsystem.About.load(About.java:80)
12.05.22 10:12.32_502 main[I] Mode: FULL at ru.apertum.qsystem.About.load(About.java:84)
12.05.22 10:12.32_503 main[I] Plugins: YES at ru.apertum.qsystem.About.load(About.java:85)
12.05.22 10:12.32_778 main[I] Loading plugins from folder: ./plugins/ at ru.apertum.qsystem.common.Uses.loadPlugins(Uses.java:667)
12.05.22 10:12.32_779 main[I] Plugin ClientboardRS485Plugin.jar was loaded successfully. at ru.apertum.qsystem.common.Uses.loadPlugins(Uses.java:673)
12.05.22 10:12.32_780 main[I] Plugin Microsound.jar was loaded successfully. at ru.apertum.qsystem.common.Uses.loadPlugins(Uses.java:673)
12.05.22 10:12.32_782 main[I] Plugin qsound-Angelina1.jar was loaded successfully. at ru.apertum.qsystem.common.Uses.loadPlugins(Uses.java:673)
12.05.22 10:12.32_801 main[I] Получить параметры. at ru.apertum.qsystem.common.NetCommander.getProperties(NetCommander.java:1213)
12.05.22 10:12.33_212 main[I] Enter to the system. at ru.apertum.qsystem.client.forms.FLogin.logining(FLogin.java:282)
12.05.22 10:12.33_530 main[I] Получение описания всех юзеров для выбора себя. at ru.apertum.qsystem.common.NetCommander.getUsers(NetCommander.java:465)
12.05.22 10:12.36_188 main[I] Access successful. User "Окно 1", Access level is "1". at ru.apertum.qsystem.client.forms.FLogin.logining(FLogin.java:303)
12.05.22 10:12.36_192 main[I] Получение описания очередей для юзера. at ru.apertum.qsystem.common.NetCommander.getSelfServicesCheck(NetCommander.java:529)
12.05.22 10:12.37_441 main[I] Invoke SPI extension. Description: Плагин "ClientboardRS485Plugin" во время смены статуса клиенту выводит инфу в гирлянду RS ДЛЯ ОПЕРАТОРА at ru.apertum.qsystem.client.forms.FClient.main(FClient.java:2007)
12.05.22 10:12.37_445 main[I] Invoke SPI extension. Description: Embedded mode of Microsound for Push-To-Talk . at ru.apertum.qsystem.client.forms.FClient.main(FClient.java:2007)
12.05.22 10:12.38_832 AWT-EventQueue-0[I] Вызов SPI расширения. Описание: Плагин "ClientboardRS485Plugin" во время смены статуса клиенту выводит инфу в гирлянду RS ДЛЯ ОПЕРАТОРА at ru.apertum.qsystem.client.forms.FClient.extPluginIStartClientBeforePressButton(FClient.java:988)
